Archive member included to satisfy reference by file (symbol)

C:/ST/STM32CubeIDE_1.16.1/STM32CubeIDE/plugins/com.st.stm32cube.ide.mcu.externaltools.gnu-tools-for-stm32.12.3.rel1.win32_1.0.200.202406191623/tools/bin/../lib/gcc/arm-none-eabi/12.3.1/../../../../arm-none-eabi/lib/thumb/v7e-m+fp/hard\libc_nano.a(libc_a-exit.o)
                              C:/ST/STM32CubeIDE_1.16.1/STM32CubeIDE/plugins/com.st.stm32cube.ide.mcu.externaltools.gnu-tools-for-stm32.12.3.rel1.win32_1.0.200.202406191623/tools/bin/../lib/gcc/arm-none-eabi/12.3.1/../../../../arm-none-eabi/lib/thumb/v7e-m+fp/hard/crt0.o (exit)
C:/ST/STM32CubeIDE_1.16.1/STM32CubeIDE/plugins/com.st.stm32cube.ide.mcu.externaltools.gnu-tools-for-stm32.12.3.rel1.win32_1.0.200.202406191623/tools/bin/../lib/gcc/arm-none-eabi/12.3.1/../../../../arm-none-eabi/lib/thumb/v7e-m+fp/hard\libc_nano.a(libc_a-findfp.o)
                              C:/ST/STM32CubeIDE_1.16.1/STM32CubeIDE/plugins/com.st.stm32cube.ide.mcu.externaltools.gnu-tools-for-stm32.12.3.rel1.win32_1.0.200.202406191623/tools/bin/../lib/gcc/arm-none-eabi/12.3.1/../../../../arm-none-eabi/lib/thumb/v7e-m+fp/hard\libc_nano.a(libc_a-exit.o) (__stdio_exit_handler)
C:/ST/STM32CubeIDE_1.16.1/STM32CubeIDE/plugins/com.st.stm32cube.ide.mcu.externaltools.gnu-tools-for-stm32.12.3.rel1.win32_1.0.200.202406191623/tools/bin/../lib/gcc/arm-none-eabi/12.3.1/../../../../arm-none-eabi/lib/thumb/v7e-m+fp/hard\libc_nano.a(libc_a-fwalk.o)
                              C:/ST/STM32CubeIDE_1.16.1/STM32CubeIDE/plugins/com.st.stm32cube.ide.mcu.externaltools.gnu-tools-for-stm32.12.3.rel1.win32_1.0.200.202406191623/tools/bin/../lib/gcc/arm-none-eabi/12.3.1/../../../../arm-none-eabi/lib/thumb/v7e-m+fp/hard\libc_nano.a(libc_a-findfp.o) (_fwalk_sglue)
C:/ST/STM32CubeIDE_1.16.1/STM32CubeIDE/plugins/com.st.stm32cube.ide.mcu.externaltools.gnu-tools-for-stm32.12.3.rel1.win32_1.0.200.202406191623/tools/bin/../lib/gcc/arm-none-eabi/12.3.1/../../../../arm-none-eabi/lib/thumb/v7e-m+fp/hard\libc_nano.a(libc_a-stdio.o)
                              C:/ST/STM32CubeIDE_1.16.1/STM32CubeIDE/plugins/com.st.stm32cube.ide.mcu.externaltools.gnu-tools-for-stm32.12.3.rel1.win32_1.0.200.202406191623/tools/bin/../lib/gcc/arm-none-eabi/12.3.1/../../../../arm-none-eabi/lib/thumb/v7e-m+fp/hard\libc_nano.a(libc_a-findfp.o) (__sread)
C:/ST/STM32CubeIDE_1.16.1/STM32CubeIDE/plugins/com.st.stm32cube.ide.mcu.externaltools.gnu-tools-for-stm32.12.3.rel1.win32_1.0.200.202406191623/tools/bin/../lib/gcc/arm-none-eabi/12.3.1/../../../../arm-none-eabi/lib/thumb/v7e-m+fp/hard\libc_nano.a(libc_a-vsnprintf.o)
                              ./Core/Src/main.o (vsnprintf)
C:/ST/STM32CubeIDE_1.16.1/STM32CubeIDE/plugins/com.st.stm32cube.ide.mcu.externaltools.gnu-tools-for-stm32.12.3.rel1.win32_1.0.200.202406191623/tools/bin/../lib/gcc/arm-none-eabi/12.3.1/../../../../arm-none-eabi/lib/thumb/v7e-m+fp/hard\libc_nano.a(libc_a-memset.o)
                              C:/ST/STM32CubeIDE_1.16.1/STM32CubeIDE/plugins/com.st.stm32cube.ide.mcu.externaltools.gnu-tools-for-stm32.12.3.rel1.win32_1.0.200.202406191623/tools/bin/../lib/gcc/arm-none-eabi/12.3.1/../../../../arm-none-eabi/lib/thumb/v7e-m+fp/hard/crt0.o (memset)
C:/ST/STM32CubeIDE_1.16.1/STM32CubeIDE/plugins/com.st.stm32cube.ide.mcu.externaltools.gnu-tools-for-stm32.12.3.rel1.win32_1.0.200.202406191623/tools/bin/../lib/gcc/arm-none-eabi/12.3.1/../../../../arm-none-eabi/lib/thumb/v7e-m+fp/hard\libc_nano.a(libc_a-closer.o)
                              C:/ST/STM32CubeIDE_1.16.1/STM32CubeIDE/plugins/com.st.stm32cube.ide.mcu.externaltools.gnu-tools-for-stm32.12.3.rel1.win32_1.0.200.202406191623/tools/bin/../lib/gcc/arm-none-eabi/12.3.1/../../../../arm-none-eabi/lib/thumb/v7e-m+fp/hard\libc_nano.a(libc_a-stdio.o) (_close_r)
C:/ST/STM32CubeIDE_1.16.1/STM32CubeIDE/plugins/com.st.stm32cube.ide.mcu.externaltools.gnu-tools-for-stm32.12.3.rel1.win32_1.0.200.202406191623/tools/bin/../lib/gcc/arm-none-eabi/12.3.1/../../../../arm-none-eabi/lib/thumb/v7e-m+fp/hard\libc_nano.a(libc_a-reent.o)
                              C:/ST/STM32CubeIDE_1.16.1/STM32CubeIDE/plugins/com.st.stm32cube.ide.mcu.externaltools.gnu-tools-for-stm32.12.3.rel1.win32_1.0.200.202406191623/tools/bin/../lib/gcc/arm-none-eabi/12.3.1/../../../../arm-none-eabi/lib/thumb/v7e-m+fp/hard\libc_nano.a(libc_a-closer.o) (errno)
C:/ST/STM32CubeIDE_1.16.1/STM32CubeIDE/plugins/com.st.stm32cube.ide.mcu.externaltools.gnu-tools-for-stm32.12.3.rel1.win32_1.0.200.202406191623/tools/bin/../lib/gcc/arm-none-eabi/12.3.1/../../../../arm-none-eabi/lib/thumb/v7e-m+fp/hard\libc_nano.a(libc_a-impure.o)
                              C:/ST/STM32CubeIDE_1.16.1/STM32CubeIDE/plugins/com.st.stm32cube.ide.mcu.externaltools.gnu-tools-for-stm32.12.3.rel1.win32_1.0.200.202406191623/tools/bin/../lib/gcc/arm-none-eabi/12.3.1/../../../../arm-none-eabi/lib/thumb/v7e-m+fp/hard\libc_nano.a(libc_a-vsnprintf.o) (_impure_ptr)
[...]
Memory Configuration

Name             Origin             Length             Attributes
CCMRAM           0x10000000         0x00004000         xrw
RAM              0x20000000         0x00010000         xrw
FLASH            0x08000000         0x00080000         xr
*default*        0x00000000         0xffffffff

Linker script and memory map

LOAD C:/ST/STM32CubeIDE_1.16.1/STM32CubeIDE/plugins/com.st.stm32cube.ide.mcu.externaltools.gnu-tools-for-stm32.12.3.rel1.win32_1.0.200.202406191623/tools/bin/../lib/gcc/arm-none-eabi/12.3.1/thumb/v7e-m+fp/hard/crti.o
LOAD C:/ST/STM32CubeIDE_1.16.1/STM32CubeIDE/plugins/com.st.stm32cube.ide.mcu.externaltools.gnu-tools-for-stm32.12.3.rel1.win32_1.0.200.202406191623/tools/bin/../lib/gcc/arm-none-eabi/12.3.1/thumb/v7e-m+fp/hard/crtbegin.o
LOAD C:/ST/STM32CubeIDE_1.16.1/STM32CubeIDE/plugins/com.st.stm32cube.ide.mcu.externaltools.gnu-tools-for-stm32.12.3.rel1.win32_1.0.200.202406191623/tools/bin/../lib/gcc/arm-none-eabi/12.3.1/../../../../arm-none-eabi/lib/thumb/v7e-m+fp/hard/crt0.o
LOAD ./Core/Src/main.o
LOAD ./Core/Src/stm32f3xx_hal_msp.o
LOAD ./Core/Src/stm32f3xx_it.o
LOAD ./Core/Src/syscalls.o
LOAD ./Core/Src/sysmem.o
LOAD ./Core/Src/system_stm32f3xx.o
LOAD ./Core/Startup/startup_stm32f303retx.o
LOAD ./Drivers/STM32F3xx_HAL_Driver/Src/stm32f3xx_hal.o
LOAD ./Drivers/STM32F3xx_HAL_Driver/Src/stm32f3xx_hal_can.o
LOAD ./Drivers/STM32F3xx_HAL_Driver/Src/stm32f3xx_hal_cortex.o
LOAD ./Drivers/STM32F3xx_HAL_Driver/Src/stm32f3xx_hal_dma.o
LOAD ./Drivers/STM32F3xx_HAL_Driver/Src/stm32f3xx_hal_exti.o
LOAD ./Drivers/STM32F3xx_HAL_Driver/Src/stm32f3xx_hal_flash.o
LOAD ./Drivers/STM32F3xx_HAL_Driver/Src/stm32f3xx_hal_flash_ex.o
LOAD ./Drivers/STM32F3xx_HAL_Driver/Src/stm32f3xx_hal_gpio.o
LOAD ./Drivers/STM32F3xx_HAL_Driver/Src/stm32f3xx_hal_i2c.o
LOAD ./Drivers/STM32F3xx_HAL_Driver/Src/stm32f3xx_hal_i2c_ex.o
LOAD ./Drivers/STM32F3xx_HAL_Driver/Src/stm32f3xx_hal_pwr.o
LOAD ./Drivers/STM32F3xx_HAL_Driver/Src/stm32f3xx_hal_pwr_ex.o
LOAD ./Drivers/STM32F3xx_HAL_Driver/Src/stm32f3xx_hal_rcc.o
LOAD ./Drivers/STM32F3xx_HAL_Driver/Src/stm32f3xx_hal_rcc_ex.o
LOAD ./Drivers/STM32F3xx_HAL_Driver/Src/stm32f3xx_hal_spi.o
LOAD ./Drivers/STM32F3xx_HAL_Driver/Src/stm32f3xx_hal_spi_ex.o
LOAD ./Drivers/STM32F3xx_HAL_Driver/Src/stm32f3xx_hal_tim.o
LOAD ./Drivers/STM32F3xx_HAL_Driver/Src/stm32f3xx_hal_tim_ex.o
LOAD ./Drivers/STM32F3xx_HAL_Driver/Src/stm32f3xx_hal_uart.o
LOAD ./Drivers/STM32F3xx_HAL_Driver/Src/stm32f3xx_hal_uart_ex.o
LOAD ./FATFS/App/fatfs.o
LOAD ./FATFS/Target/user_diskio.o
LOAD ./FATFS/Target/user_diskio_spi.o
LOAD ./Middlewares/Third_Party/FatFs/src/diskio.o
LOAD ./Middlewares/Third_Party/FatFs/src/ff.o
LOAD ./Middlewares/Third_Party/FatFs/src/ff_gen_drv.o
LOAD ./Middlewares/Third_Party/FatFs/src/option/syscall.o
START GROUP
LOAD C:/ST/STM32CubeIDE_1.16.1/STM32CubeIDE/plugins/com.st.stm32cube.ide.mcu.externaltools.gnu-tools-for-stm32.12.3.rel1.win32_1.0.200.202406191623/tools/bin/../lib/gcc/arm-none-eabi/12.3.1/../../../../arm-none-eabi/lib/thumb/v7e-m+fp/hard\libc_nano.a
LOAD C:/ST/STM32CubeIDE_1.16.1/STM32CubeIDE/plugins/com.st.stm32cube.ide.mcu.externaltools.gnu-tools-for-stm32.12.3.rel1.win32_1.0.200.202406191623/tools/bin/../lib/gcc/arm-none-eabi/12.3.1/../../../../arm-none-eabi/lib/thumb/v7e-m+fp/hard\libm.a
END GROUP
START GROUP
LOAD C:/ST/STM32CubeIDE_1.16.1/STM32CubeIDE/plugins/com.st.stm32cube.ide.mcu.externaltools.gnu-tools-for-stm32.12.3.rel1.win32_1.0.200.202406191623/tools/bin/../lib/gcc/arm-none-eabi/12.3.1/thumb/v7e-m+fp/hard\libgcc.a
LOAD C:/ST/STM32CubeIDE_1.16.1/STM32CubeIDE/plugins/com.st.stm32cube.ide.mcu.externaltools.gnu-tools-for-stm32.12.3.rel1.win32_1.0.200.202406191623/tools/bin/../lib/gcc/arm-none-eabi/12.3.1/../../../../arm-none-eabi/lib/thumb/v7e-m+fp/hard\libc_nano.a
END GROUP
START GROUP
LOAD C:/ST/STM32CubeIDE_1.16.1/STM32CubeIDE/plugins/com.st.stm32cube.ide.mcu.externaltools.gnu-tools-for-stm32.12.3.rel1.win32_1.0.200.202406191623/tools/bin/../lib/gcc/arm-none-eabi/12.3.1/thumb/v7e-m+fp/hard\libgcc.a
LOAD C:/ST/STM32CubeIDE_1.16.1/STM32CubeIDE/plugins/com.st.stm32cube.ide.mcu.externaltools.gnu-tools-for-stm32.12.3.rel1.win32_1.0.200.202406191623/tools/bin/../lib/gcc/arm-none-eabi/12.3.1/../../../../arm-none-eabi/lib/thumb/v7e-m+fp/hard\libc_nano.a
LOAD C:/ST/STM32CubeIDE_1.16.1/STM32CubeIDE/plugins/com.st.stm32cube.ide.mcu.externaltools.gnu-tools-for-stm32.12.3.rel1.win32_1.0.200.202406191623/tools/bin/../lib/gcc/arm-none-eabi/12.3.1/../../../../arm-none-eabi/lib/thumb/v7e-m+fp/hard\libnosys.a
END GROUP
START GROUP
LOAD C:/ST/STM32CubeIDE_1.16.1/STM32CubeIDE/plugins/com.st.stm32cube.ide.mcu.externaltools.gnu-tools-for-stm32.12.3.rel1.win32_1.0.200.202406191623/tools/bin/../lib/gcc/arm-none-eabi/12.3.1/thumb/v7e-m+fp/hard\libgcc.a
LOAD C:/ST/STM32CubeIDE_1.16.1/STM32CubeIDE/plugins/com.st.stm32cube.ide.mcu.externaltools.gnu-tools-for-stm32.12.3.rel1.win32_1.0.200.202406191623/tools/bin/../lib/gcc/arm-none-eabi/12.3.1/../../../../arm-none-eabi/lib/thumb/v7e-m+fp/hard\libc_nano.a
LOAD C:/ST/STM32CubeIDE_1.16.1/STM32CubeIDE/plugins/com.st.stm32cube.ide.mcu.externaltools.gnu-tools-for-stm32.12.3.rel1.win32_1.0.200.202406191623/tools/bin/../lib/gcc/arm-none-eabi/12.3.1/../../../../arm-none-eabi/lib/thumb/v7e-m+fp/hard\libnosys.a
END GROUP
LOAD C:/ST/STM32CubeIDE_1.16.1/STM32CubeIDE/plugins/com.st.stm32cube.ide.mcu.externaltools.gnu-tools-for-stm32.12.3.rel1.win32_1.0.200.202406191623/tools/bin/../lib/gcc/arm-none-eabi/12.3.1/thumb/v7e-m+fp/hard/crtend.o
LOAD C:/ST/STM32CubeIDE_1.16.1/STM32CubeIDE/plugins/com.st.stm32cube.ide.mcu.externaltools.gnu-tools-for-stm32.12.3.rel1.win32_1.0.200.202406191623/tools/bin/../lib/gcc/arm-none-eabi/12.3.1/thumb/v7e-m+fp/hard/crtn.o
                0x20010000                        _estack = (ORIGIN (RAM) + LENGTH (RAM))
                0x00000200                        _Min_Heap_Size = 0x200
                0x00000400                        _Min_Stack_Size = 0x400

.isr_vector     0x08000000      0x194
                0x08000000                        . = ALIGN (0x4)
 *(.isr_vector)
 .isr_vector    0x08000000      0x194 ./Core/Startup/startup_stm32f303retx.o
                0x08000000                g_pfnVectors
                0x08000194                        . = ALIGN (0x4)

.text           0x080001a0     0x9414
                0x080001a0                        . = ALIGN (0x4)
 *(.text)
 .text          0x080001a0       0x40 C:/ST/STM32CubeIDE_1.16.1/STM32CubeIDE/plugins/com.st.stm32cube.ide.mcu.externaltools.gnu-tools-for-stm32.12.3.rel1.win32_1.0.200.202406191623/tools/bin/../lib/gcc/arm-none-eabi/12.3.1/thumb/v7e-m+fp/hard/crtbegin.o
 .text          0x080001e0       0x10 C:/ST/STM32CubeIDE_1.16.1/STM32CubeIDE/plugins/com.st.stm32cube.ide.mcu.externaltools.gnu-tools-for-stm32.12.3.rel1.win32_1.0.200.202406191623/tools/bin/../lib/gcc/arm-none-eabi/12.3.1/../../../../arm-none-eabi/lib/thumb/v7e-m+fp/hard\libc_nano.a(libc_a-strlen.o)
                0x080001e0                strlen
 .text          0x080001f0       0xa0 C:/ST/STM32CubeIDE_1.16.1/STM32CubeIDE/plugins/com.st.stm32cube.ide.mcu.externaltools.gnu-tools-for-stm32.12.3.rel1.win32_1.0.200.202406191623/tools/bin/../lib/gcc/arm-none-eabi/12.3.1/../../../../arm-none-eabi/lib/thumb/v7e-m+fp/hard\libc_nano.a(libc_a-memchr.o)
                0x080001f0                memchr
 *(.text*)
 .text.myprintf
                0x08000290       0x4c ./Core/Src/main.o
                0x08000290                myprintf
 .text.acdm55   0x080002dc      0x21c ./Core/Src/main.o
                0x080002dc                acdm55
 .text.configure_sd
                0x080004f8      0x318 ./Core/Src/main.o
                0x080004f8                configure_sd
 .text.process_line
                0x08000810       0xb0 ./Core/Src/main.o
                0x08000810                process_line
 .text.get_msg_type_details
                0x080008c0      0x19c ./Core/Src/main.o
                0x080008c0                get_msg_type_details
 .text.main     0x08000a5c      0x9bc ./Core/Src/main.o
                0x08000a5c                main
 .text.SystemClock_Config
                0x08001418       0xc0 ./Core/Src/main.o
                0x08001418                SystemClock_Config
 .text.MX_CAN_Init
                0x080014d8       0x6c ./Core/Src/main.o
 .text.MX_SPI2_Init
                0x08001544       0x7c ./Core/Src/main.o
 .text.MX_USART1_UART_Init
                0x080015c0       0x60 ./Core/Src/main.o
 .text.MX_USART2_UART_Init
                0x08001620       0x60 ./Core/Src/main.o
 .text.MX_GPIO_Init
                0x08001680       0xf8 ./Core/Src/main.o
 .text.Error_Handler
                0x08001778        0xc ./Core/Src/main.o
                0x08001778                Error_Handler
 .text.HAL_MspInit
                0x08001784       0x48 ./Core/Src/stm32f3xx_hal_msp.o
                0x08001784                HAL_MspInit
 .text.HAL_CAN_MspInit
                0x080017cc       0x88 ./Core/Src/stm32f3xx_hal_msp.o
                0x080017cc                HAL_CAN_MspInit
 .text.HAL_SPI_MspInit
                0x08001854       0x88 ./Core/Src/stm32f3xx_hal_msp.o
                0x08001854                HAL_SPI_MspInit
 .text.HAL_UART_MspInit
                0x080018dc      0x124 ./Core/Src/stm32f3xx_hal_msp.o
                0x080018dc                HAL_UART_MspInit
 .text.NMI_Handler
                0x08001a00        0x8 ./Core/Src/stm32f3xx_it.o
                0x08001a00                NMI_Handler
 .text.HardFault_Handler
                0x08001a08        0x8 ./Core/Src/stm32f3xx_it.o
                0x08001a08                HardFault_Handler
 .text.MemManage_Handler
                0x08001a10        0x8 ./Core/Src/stm32f3xx_it.o
                0x08001a10                MemManage_Handler
 .text.BusFault_Handler
                0x08001a18        0x8 ./Core/Src/stm32f3xx_it.o
                0x08001a18                BusFault_Handler
 .text.UsageFault_Handler
                0x08001a20        0x8 ./Core/Src/stm32f3xx_it.o
                0x08001a20                UsageFault_Handler
 .text.SVC_Handler
                0x08001a28        0xe ./Core/Src/stm32f3xx_it.o
                0x08001a28                SVC_Handler
 .text.DebugMon_Handler
                0x08001a36        0xe ./Core/Src/stm32f3xx_it.o
                0x08001a36                DebugMon_Handler
 .text.PendSV_Handler
                0x08001a44        0xe ./Core/Src/stm32f3xx_it.o
                0x08001a44                PendSV_Handler
 .text.SysTick_Handler
                0x08001a52        0xc ./Core/Src/stm32f3xx_it.o
                0x08001a52                SysTick_Handler
 *fill*         0x08001a5e        0x2 
 .text._sbrk    0x08001a60       0x6c ./Core/Src/sysmem.o
                0x08001a60                _sbrk
 .text.SystemInit
                0x08001acc       0x24 ./Core/Src/system_stm32f3xx.o
                0x08001acc                SystemInit
 .text.Reset_Handler
                0x08001af0       0x50 ./Core/Startup/startup_stm32f303retx.o
                0x08001af0                Reset_Handler
 .text.Default_Handler
                0x08001b40        0x2 ./Core/Startup/startup_stm32f303retx.o
                0x08001b40                RTC_Alarm_IRQHandler
                0x08001b40                TIM8_TRG_COM_IRQHandler
                0x08001b40                TIM8_CC_IRQHandler
                0x08001b40                SPI4_IRQHandler
                0x08001b40                TIM1_CC_IRQHandler
                0x08001b40                USB_HP_IRQHandler
                0x08001b40                PVD_IRQHandler
                0x08001b40                TAMP_STAMP_IRQHandler
                0x08001b40                EXTI3_IRQHandler
                0x08001b40                I2C3_ER_IRQHandler
                0x08001b40                USB_HP_CAN_TX_IRQHandler
                0x08001b40                EXTI0_IRQHandler
                0x08001b40                I2C2_EV_IRQHandler
                0x08001b40                FPU_IRQHandler
                0x08001b40                TIM1_UP_TIM16_IRQHandler
                0x08001b40                ADC1_2_IRQHandler
                0x08001b40                SPI1_IRQHandler
                0x08001b40                CAN_SCE_IRQHandler
                0x08001b40                TIM6_DAC_IRQHandler
                0x08001b40                TIM8_UP_IRQHandler
                0x08001b40                DMA2_Channel2_IRQHandler
                0x08001b40                DMA1_Channel4_IRQHandler
                0x08001b40                TIM20_TRG_COM_IRQHandler
                0x08001b40                USART3_IRQHandler
                0x08001b40                DMA1_Channel7_IRQHandler
                0x08001b40                UART5_IRQHandler
                0x08001b40                ADC3_IRQHandler
                0x08001b40                TIM4_IRQHandler
                0x08001b40                CAN_RX1_IRQHandler
                0x08001b40                DMA2_Channel1_IRQHandler
                0x08001b40                I2C1_EV_IRQHandler
                0x08001b40                DMA1_Channel6_IRQHandler
                0x08001b40                UART4_IRQHandler
                0x08001b40                DMA2_Channel4_IRQHandler
                0x08001b40                TIM3_IRQHandler
                0x08001b40                RCC_IRQHandler
                0x08001b40                TIM20_UP_IRQHandler
                0x08001b40                DMA1_Channel1_IRQHandler
                0x08001b40                Default_Handler
                0x08001b40                USBWakeUp_RMP_IRQHandler
                0x08001b40                EXTI15_10_IRQHandler
                0x08001b40                TIM7_IRQHandler
                0x08001b40                I2C3_EV_IRQHandler
                0x08001b40                EXTI9_5_IRQHandler
                0x08001b40                RTC_WKUP_IRQHandler
                0x08001b40                SPI2_IRQHandler
                0x08001b40                USB_LP_CAN_RX0_IRQHandler
                0x08001b40                DMA2_Channel5_IRQHandler
                0x08001b40                DMA1_Channel5_IRQHandler
                0x08001b40                USB_LP_IRQHandler
                0x08001b40                EXTI4_IRQHandler
                0x08001b40                TIM1_TRG_COM_TIM17_IRQHandler
                0x08001b40                DMA1_Channel3_IRQHandler
                0x08001b40                ADC4_IRQHandler
                0x08001b40                WWDG_IRQHandler
                0x08001b40                TIM2_IRQHandler
                0x08001b40                COMP7_IRQHandler
                0x08001b40                COMP1_2_3_IRQHandler
                0x08001b40                EXTI1_IRQHandler
                0x08001b40                USART2_IRQHandler
                0x08001b40                COMP4_5_6_IRQHandler
                0x08001b40                TIM20_BRK_IRQHandler
                0x08001b40                I2C2_ER_IRQHandler
                0x08001b40                DMA1_Channel2_IRQHandler
                0x08001b40                TIM8_BRK_IRQHandler
                0x08001b40                FLASH_IRQHandler
                0x08001b40                TIM20_CC_IRQHandler
                0x08001b40                USART1_IRQHandler
                0x08001b40                SPI3_IRQHandler
                0x08001b40                I2C1_ER_IRQHandler
                0x08001b40                FMC_IRQHandler
                0x08001b40                USBWakeUp_IRQHandler
                0x08001b40                DMA2_Channel3_IRQHandler
                0x08001b40                EXTI2_TSC_IRQHandler
                0x08001b40                TIM1_BRK_TIM15_IRQHandler
 *fill*         0x08001b42        0x2 
 .text.HAL_Init
                0x08001b44       0x2c ./Drivers/STM32F3xx_HAL_Driver/Src/stm32f3xx_hal.o
                0x08001b44                HAL_Init
 .text.HAL_InitTick
                0x08001b70       0x60 ./Drivers/STM32F3xx_HAL_Driver/Src/stm32f3xx_hal.o
                0x08001b70                HAL_InitTick
 .text.HAL_IncTick
                0x08001bd0       0x28 ./Drivers/STM32F3xx_HAL_Driver/Src/stm32f3xx_hal.o
                0x08001bd0                HAL_IncTick
 .text.HAL_GetTick
                0x08001bf8       0x18 ./Drivers/STM32F3xx_HAL_Driver/Src/stm32f3xx_hal.o
                0x08001bf8                HAL_GetTick
 .text.HAL_Delay
                0x08001c10       0x48 ./Drivers/STM32F3xx_HAL_Driver/Src/stm32f3xx_hal.o
                0x08001c10                HAL_Delay
 .text.HAL_CAN_Init
                0x08001c58      0x1f6 ./Drivers/STM32F3xx_HAL_Driver/Src/stm32f3xx_hal_can.o
                0x08001c58                HAL_CAN_Init
 .text.HAL_CAN_ConfigFilter
                0x08001e4e      0x194 ./Drivers/STM32F3xx_HAL_Driver/Src/stm32f3xx_hal_can.o
                0x08001e4e                HAL_CAN_ConfigFilter
 .text.HAL_CAN_Start
                0x08001fe2       0x88 ./Drivers/STM32F3xx_HAL_Driver/Src/stm32f3xx_hal_can.o
                0x08001fe2                HAL_CAN_Start
 .text.HAL_CAN_GetRxMessage
                0x0800206a      0x244 ./Drivers/STM32F3xx_HAL_Driver/Src/stm32f3xx_hal_can.o
                0x0800206a                HAL_CAN_GetRxMessage
 .text.HAL_CAN_GetRxFifoFillLevel
                0x080022ae       0x50 ./Drivers/STM32F3xx_HAL_Driver/Src/stm32f3xx_hal_can.o
                0x080022ae                HAL_CAN_GetRxFifoFillLevel
 *fill*         0x080022fe        0x2 
 .text.__NVIC_SetPriorityGrouping
                0x08002300       0x48 ./Drivers/STM32F3xx_HAL_Driver/Src/stm32f3xx_hal_cortex.o
 .text.__NVIC_GetPriorityGrouping
                0x08002348       0x1c ./Drivers/STM32F3xx_HAL_Driver/Src/stm32f3xx_hal_cortex.o
 .text.__NVIC_SetPriority
                0x08002364       0x54 ./Drivers/STM32F3xx_HAL_Driver/Src/stm32f3xx_hal_cortex.o
 .text.NVIC_EncodePriority
                0x080023b8       0x66 ./Drivers/STM32F3xx_HAL_Driver/Src/stm32f3xx_hal_cortex.o
 *fill*         0x0800241e        0x2 
 .text.SysTick_Config
                0x08002420       0x44 ./Drivers/STM32F3xx_HAL_Driver/Src/stm32f3xx_hal_cortex.o
 .text.HAL_NVIC_SetPriorityGrouping
                0x08002464       0x16 ./Drivers/STM32F3xx_HAL_Driver/Src/stm32f3xx_hal_cortex.o
                0x08002464                HAL_NVIC_SetPriorityGrouping
 .text.HAL_NVIC_SetPriority
                0x0800247a       0x38 ./Drivers/STM32F3xx_HAL_Driver/Src/stm32f3xx_hal_cortex.o
                0x0800247a                HAL_NVIC_SetPriority
 .text.HAL_SYSTICK_Config
                0x080024b2       0x18 ./Drivers/STM32F3xx_HAL_Driver/Src/stm32f3xx_hal_cortex.o
                0x080024b2                HAL_SYSTICK_Config
 *fill*         0x080024ca        0x2 
 .text.HAL_GPIO_Init
                0x080024cc      0x314 ./Drivers/STM32F3xx_HAL_Driver/Src/stm32f3xx_hal_gpio.o
                0x080024cc                HAL_GPIO_Init
 .text.HAL_GPIO_WritePin
                0x080027e0       0x30 ./Drivers/STM32F3xx_HAL_Driver/Src/stm32f3xx_hal_gpio.o
                0x080027e0                HAL_GPIO_WritePin
 .text.HAL_GPIO_TogglePin
                0x08002810       0x34 ./Drivers/STM32F3xx_HAL_Driver/Src/stm32f3xx_hal_gpio.o
                0x08002810                HAL_GPIO_TogglePin
 .text.HAL_RCC_OscConfig
                0x08002844     0x10a8 ./Drivers/STM32F3xx_HAL_Driver/Src/stm32f3xx_hal_rcc.o
                0x08002844                HAL_RCC_OscConfig
 .text.HAL_RCC_ClockConfig
                0x080038ec      0x2f8 ./Drivers/STM32F3xx_HAL_Driver/Src/stm32f3xx_hal_rcc.o
                0x080038ec                HAL_RCC_ClockConfig
 .text.HAL_RCC_GetSysClockFreq
                0x08003be4       0xa8 ./Drivers/STM32F3xx_HAL_Driver/Src/stm32f3xx_hal_rcc.o
                0x08003be4                HAL_RCC_GetSysClockFreq
 .text.HAL_RCC_GetHCLKFreq
                0x08003c8c       0x18 ./Drivers/STM32F3xx_HAL_Driver/Src/stm32f3xx_hal_rcc.o
                0x08003c8c                HAL_RCC_GetHCLKFreq
 .text.HAL_RCC_GetPCLK1Freq
                0x08003ca4       0x44 ./Drivers/STM32F3xx_HAL_Driver/Src/stm32f3xx_hal_rcc.o
                0x08003ca4                HAL_RCC_GetPCLK1Freq
 .text.HAL_RCC_GetPCLK2Freq
                0x08003ce8       0x44 ./Drivers/STM32F3xx_HAL_Driver/Src/stm32f3xx_hal_rcc.o
                0x08003ce8                HAL_RCC_GetPCLK2Freq
 .text.HAL_RCCEx_PeriphCLKConfig
                0x08003d2c      0x43c ./Drivers/STM32F3xx_HAL_Driver/Src/stm32f3xx_hal_rcc_ex.o
                0x08003d2c                HAL_RCCEx_PeriphCLKConfig
 .text.HAL_SPI_Init
                0x08004168      0x156 ./Drivers/STM32F3xx_HAL_Driver/Src/stm32f3xx_hal_spi.o
                0x08004168                HAL_SPI_Init
 .text.HAL_SPI_Transmit
                0x080042be      0x2ea ./Drivers/STM32F3xx_HAL_Driver/Src/stm32f3xx_hal_spi.o
                0x080042be                HAL_SPI_Transmit
 .text.HAL_SPI_Receive
                0x080045a8      0x26e ./Drivers/STM32F3xx_HAL_Driver/Src/stm32f3xx_hal_spi.o
                0x080045a8                HAL_SPI_Receive
 .text.HAL_SPI_TransmitReceive
                0x08004816      0x444 ./Drivers/STM32F3xx_HAL_Driver/Src/stm32f3xx_hal_spi.o
                0x08004816                HAL_SPI_TransmitReceive
 *fill*         0x08004c5a        0x2 
 .text.SPI_WaitFlagStateUntilTimeout
                0x08004c5c      0x110 ./Drivers/STM32F3xx_HAL_Driver/Src/stm32f3xx_hal_spi.o
 .text.SPI_WaitFifoStateUntilTimeout
                0x08004d6c      0x12c ./Drivers/STM32F3xx_HAL_Driver/Src/stm32f3xx_hal_spi.o
 .text.SPI_EndRxTransaction
                0x08004e98       0xb0 ./Drivers/STM32F3xx_HAL_Driver/Src/stm32f3xx_hal_spi.o
 .text.SPI_EndRxTxTransaction
                0x08004f48       0x8c ./Drivers/STM32F3xx_HAL_Driver/Src/stm32f3xx_hal_spi.o
 .text.HAL_UART_Init
                0x08004fd4       0x9c ./Drivers/STM32F3xx_HAL_Driver/Src/stm32f3xx_hal_uart.o
                0x08004fd4                HAL_UART_Init
 .text.HAL_UART_Transmit
                0x08005070      0x112 ./Drivers/STM32F3xx_HAL_Driver/Src/stm32f3xx_hal_uart.o
                0x08005070                HAL_UART_Transmit
 *fill*         0x08005182        0x2 
 .text.UART_SetConfig
                0x08005184      0x3a8 ./Drivers/STM32F3xx_HAL_Driver/Src/stm32f3xx_hal_uart.o
                0x08005184                UART_SetConfig
 .text.UART_AdvFeatureConfig
                0x0800552c      0x144 ./Drivers/STM32F3xx_HAL_Driver/Src/stm32f3xx_hal_uart.o
                0x0800552c                UART_AdvFeatureConfig
 .text.UART_CheckIdleState
                0x08005670      0x150 ./Drivers/STM32F3xx_HAL_Driver/Src/stm32f3xx_hal_uart.o
                0x08005670                UART_CheckIdleState
 .text.UART_WaitOnFlagUntilTimeout
                0x080057c0       0xda ./Drivers/STM32F3xx_HAL_Driver/Src/stm32f3xx_hal_uart.o
                0x080057c0                UART_WaitOnFlagUntilTimeout
 .text.UART_EndRxTransfer
                0x0800589a       0xc8 ./Drivers/STM32F3xx_HAL_Driver/Src/stm32f3xx_hal_uart.o
 *fill*         0x08005962        0x2 
 .text.MX_FATFS_Init
                0x08005964       0x24 ./FATFS/App/fatfs.o
                0x08005964                MX_FATFS_Init
 .text.get_fattime
                0x08005988       0x10 ./FATFS/App/fatfs.o
                0x08005988                get_fattime
 .text.USER_initialize
                0x08005998       0x1c ./FATFS/Target/user_diskio.o
                0x08005998                USER_initialize
 .text.USER_status
                0x080059b4       0x1c ./FATFS/Target/user_diskio.o
                0x080059b4                USER_status
 .text.USER_read
                0x080059d0       0x26 ./FATFS/Target/user_diskio.o
                0x080059d0                USER_read
 .text.USER_write
                0x080059f6       0x26 ./FATFS/Target/user_diskio.o
                0x080059f6                USER_write
 .text.USER_ioctl
                0x08005a1c       0x26 ./FATFS/Target/user_diskio.o
                0x08005a1c                USER_ioctl
 *fill*         0x08005a42        0x2 
 .text.SPI_Timer_On
                0x08005a44       0x28 ./FATFS/Target/user_diskio_spi.o
                0x08005a44                SPI_Timer_On
 .text.SPI_Timer_Status
                0x08005a6c       0x2c ./FATFS/Target/user_diskio_spi.o
                0x08005a6c                SPI_Timer_Status
 .text.xchg_spi
                0x08005a98       0x2c ./FATFS/Target/user_diskio_spi.o
 .text.rcvr_spi_multi
                0x08005ac4       0x38 ./FATFS/Target/user_diskio_spi.o
 .text.xmit_spi_multi
                0x08005afc       0x28 ./FATFS/Target/user_diskio_spi.o
 .text.wait_ready
                0x08005b24       0x46 ./FATFS/Target/user_diskio_spi.o
 *fill*         0x08005b6a        0x2 
 .text.despiselect
                0x08005b6c       0x1c ./FATFS/Target/user_diskio_spi.o
 .text.spiselect
                0x08005b88       0x34 ./FATFS/Target/user_diskio_spi.o
 .text.rcvr_datablock
                0x08005bbc       0x52 ./FATFS/Target/user_diskio_spi.o
 .text.xmit_datablock
                0x08005c0e       0x64 ./FATFS/Target/user_diskio_spi.o
 .text.send_cmd
                0x08005c72       0xea ./FATFS/Target/user_diskio_spi.o
 .text.USER_SPI_initialize
                0x08005d5c      0x208 ./FATFS/Target/user_diskio_spi.o
                0x08005d5c                USER_SPI_initialize
 .text.USER_SPI_status
                0x08005f64       0x2c ./FATFS/Target/user_diskio_spi.o
                0x08005f64                USER_SPI_status
 .text.USER_SPI_read
                0x08005f90       0xcc ./FATFS/Target/user_diskio_spi.o
                0x08005f90                USER_SPI_read
 .text.USER_SPI_write
                0x0800605c       0xf8 ./FATFS/Target/user_diskio_spi.o
                0x0800605c                USER_SPI_write
 .text.USER_SPI_ioctl
                0x08006154      0x2e0 ./FATFS/Target/user_diskio_spi.o
                0x08006154                USER_SPI_ioctl
 .text.disk_status
                0x08006434       0x34 ./Middlewares/Third_Party/FatFs/src/diskio.o
                0x08006434                disk_status
 .text.disk_initialize
                0x08006468       0x4c ./Middlewares/Third_Party/FatFs/src/diskio.o
                0x08006468                disk_initialize
 .text.disk_read
                0x080064b4       0x40 ./Middlewares/Third_Party/FatFs/src/diskio.o
                0x080064b4                disk_read
 .text.disk_write
                0x080064f4       0x40 ./Middlewares/Third_Party/FatFs/src/diskio.o
                0x080064f4                disk_write
 .text.disk_ioctl
                0x08006534       0x3c ./Middlewares/Third_Party/FatFs/src/diskio.o
                0x08006534                disk_ioctl
 .text.mem_cpy  0x08006570       0x3e ./Middlewares/Third_Party/FatFs/src/ff.o
 .text.mem_set  0x080065ae       0x36 ./Middlewares/Third_Party/FatFs/src/ff.o
 .text.mem_cmp  0x080065e4       0x4e ./Middlewares/Third_Party/FatFs/src/ff.o
 .text.chk_chr  0x08006632       0x36 ./Middlewares/Third_Party/FatFs/src/ff.o
 .text.chk_lock
                0x08006668       0xdc ./Middlewares/Third_Party/FatFs/src/ff.o
 .text.enq_lock
                0x08006744       0x48 ./Middlewares/Third_Party/FatFs/src/ff.o
 .text.inc_lock
                0x0800678c      0x170 ./Middlewares/Third_Party/FatFs/src/ff.o
 .text.dec_lock
                0x080068fc       0x88 ./Middlewares/Third_Party/FatFs/src/ff.o
 .text.clear_lock
                0x08006984       0x54 ./Middlewares/Third_Party/FatFs/src/ff.o
 .text.sync_window
                0x080069d8       0x92 ./Middlewares/Third_Party/FatFs/src/ff.o
 .text.move_window
                0x08006a6a       0x5c ./Middlewares/Third_Party/FatFs/src/ff.o
 .text.sync_fs  0x08006ac6      0x15a ./Middlewares/Third_Party/FatFs/src/ff.o
 .text.clust2sect
                0x08006c20       0x44 ./Middlewares/Third_Party/FatFs/src/ff.o
                0x08006c20                clust2sect
 .text.get_fat  0x08006c64      0x172 ./Middlewares/Third_Party/FatFs/src/ff.o
                0x08006c64                get_fat
 .text.put_fat  0x08006dd6      0x21c ./Middlewares/Third_Party/FatFs/src/ff.o
                0x08006dd6                put_fat
 .text.remove_chain
                0x08006ff2       0xb4 ./Middlewares/Third_Party/FatFs/src/ff.o
 .text.create_chain
                0x080070a6      0x13a ./Middlewares/Third_Party/FatFs/src/ff.o
 .text.clmt_clust
                0x080071e0       0x6a ./Middlewares/Third_Party/FatFs/src/ff.o
 .text.dir_sdi  0x0800724a      0x128 ./Middlewares/Third_Party/FatFs/src/ff.o
 .text.dir_next
                0x08007372      0x1ee ./Middlewares/Third_Party/FatFs/src/ff.o
 .text.dir_alloc
                0x08007560       0x94 ./Middlewares/Third_Party/FatFs/src/ff.o
 .text.ld_clust
                0x080075f4       0x5c ./Middlewares/Third_Party/FatFs/src/ff.o
 .text.st_clust
                0x08007650       0x4e ./Middlewares/Third_Party/FatFs/src/ff.o
 .text.dir_find
                0x0800769e       0x9e ./Middlewares/Third_Party/FatFs/src/ff.o
 .text.dir_register
                0x0800773c       0x72 ./Middlewares/Third_Party/FatFs/src/ff.o
 *fill*         0x080077ae        0x2 
 .text.create_name
                0x080077b0      0x180 ./Middlewares/Third_Party/FatFs/src/ff.o
 .text.follow_path
                0x08007930       0xdc ./Middlewares/Third_Party/FatFs/src/ff.o
 .text.get_ldnumber
                0x08007a0c       0x88 ./Middlewares/Third_Party/FatFs/src/ff.o
 .text.check_fs
                0x08007a94       0xd4 ./Middlewares/Third_Party/FatFs/src/ff.o
 .text.find_volume
                0x08007b68      0x590 ./Middlewares/Third_Party/FatFs/src/ff.o
 .text.validate
                0x080080f8       0x66 ./Middlewares/Third_Party/FatFs/src/ff.o
 *fill*         0x0800815e        0x2 
 .text.f_mount  0x08008160       0x90 ./Middlewares/Third_Party/FatFs/src/ff.o
                0x08008160                f_mount
 .text.f_open   0x080081f0      0x4ea ./Middlewares/Third_Party/FatFs/src/ff.o
                0x080081f0                f_open
 .text.f_read   0x080086da      0x2d6 ./Middlewares/Third_Party/FatFs/src/ff.o
                0x080086da                f_read
 .text.f_sync   0x080089b0      0x174 ./Middlewares/Third_Party/FatFs/src/ff.o
                0x080089b0                f_sync
 .text.f_close  0x08008b24       0x50 ./Middlewares/Third_Party/FatFs/src/ff.o
                0x08008b24                f_close
 .text.FATFS_LinkDriverEx
                0x08008b74       0x98 ./Middlewares/Third_Party/FatFs/src/ff_gen_drv.o
                0x08008b74                FATFS_LinkDriverEx
 .text.FATFS_LinkDriver
                0x08008c0c       0x1e ./Middlewares/Third_Party/FatFs/src/ff_gen_drv.o
                0x08008c0c                FATFS_LinkDriver
 .text._vsnprintf_r
                0x08008c2a       0x56 C:/ST/STM32CubeIDE_1.16.1/STM32CubeIDE/plugins/com.st.stm32cube.ide.mcu.externaltools.gnu-tools-for-stm32.12.3.rel1.win32_1.0.200.202406191623/tools/bin/../lib/gcc/arm-none-eabi/12.3.1/../../../../arm-none-eabi/lib/thumb/v7e-m+fp/hard\libc_nano.a(libc_a-vsnprintf.o)
                0x08008c2a                _vsniprintf_r
                0x08008c2a                _vsnprintf_r
 .text.vsnprintf
                0x08008c80       0x1c C:/ST/STM32CubeIDE_1.16.1/STM32CubeIDE/plugins/com.st.stm32cube.ide.mcu.externaltools.gnu-tools-for-stm32.12.3.rel1.win32_1.0.200.202406191623/tools/bin/../lib/gcc/arm-none-eabi/12.3.1/../../../../arm-none-eabi/lib/thumb/v7e-m+fp/hard\libc_nano.a(libc_a-vsnprintf.o)
                0x08008c80                vsniprintf
                0x08008c80                vsnprintf
 .text.memset   0x08008c9c       0x10 C:/ST/STM32CubeIDE_1.16.1/STM32CubeIDE/plugins/com.st.stm32cube.ide.mcu.externaltools.gnu-tools-for-stm32.12.3.rel1.win32_1.0.200.202406191623/tools/bin/../lib/gcc/arm-none-eabi/12.3.1/../../../../arm-none-eabi/lib/thumb/v7e-m+fp/hard\libc_nano.a(libc_a-memset.o)
                0x08008c9c                memset
 .text.__errno  0x08008cac        0xc C:/ST/STM32CubeIDE_1.16.1/STM32CubeIDE/plugins/com.st.stm32cube.ide.mcu.externaltools.gnu-tools-for-stm32.12.3.rel1.win32_1.0.200.202406191623/tools/bin/../lib/gcc/arm-none-eabi/12.3.1/../../../../arm-none-eabi/lib/thumb/v7e-m+fp/hard\libc_nano.a(libc_a-errno.o)
                0x08008cac                __errno
 .text.__libc_init_array
                0x08008cb8       0x48 C:/ST/STM32CubeIDE_1.16.1/STM32CubeIDE/plugins/com.st.stm32cube.ide.mcu.externaltools.gnu-tools-for-stm32.12.3.rel1.win32_1.0.200.202406191623/tools/bin/../lib/gcc/arm-none-eabi/12.3.1/../../../../arm-none-eabi/lib/thumb/v7e-m+fp/hard\libc_nano.a(libc_a-init.o)
                0x08008cb8                __libc_init_array
 .text.__retarget_lock_acquire_recursive
                0x08008d00        0x2 C:/ST/STM32CubeIDE_1.16.1/STM32CubeIDE/plugins/com.st.stm32cube.ide.mcu.externaltools.gnu-tools-for-stm32.12.3.rel1.win32_1.0.200.202406191623/tools/bin/../lib/gcc/arm-none-eabi/12.3.1/../../../../arm-none-eabi/lib/thumb/v7e-m+fp/hard\libc_nano.a(libc_a-lock.o)
                0x08008d00                __retarget_lock_acquire_recursive
 .text.__retarget_lock_release_recursive
                0x08008d02        0x2 C:/ST/STM32CubeIDE_1.16.1/STM32CubeIDE/plugins/com.st.stm32cube.ide.mcu.externaltools.gnu-tools-for-stm32.12.3.rel1.win32_1.0.200.202406191623/tools/bin/../lib/gcc/arm-none-eabi/12.3.1/../../../../arm-none-eabi/lib/thumb/v7e-m+fp/hard\libc_nano.a(libc_a-lock.o)
                0x08008d02                __retarget_lock_release_recursive
 .text._free_r  0x08008d04       0x94 C:/ST/STM32CubeIDE_1.16.1/STM32CubeIDE/plugins/com.st.stm32cube.ide.mcu.externaltools.gnu-tools-for-stm32.12.3.rel1.win32_1.0.200.202406191623/tools/bin/../lib/gcc/arm-none-eabi/12.3.1/../../../../arm-none-eabi/lib/thumb/v7e-m+fp/hard\libc_nano.a(libc_a-freer.o)
                0x08008d04                _free_r
 .text.sbrk_aligned
                0x08008d98       0x44 C:/ST/STM32CubeIDE_1.16.1/STM32CubeIDE/plugins/com.st.stm32cube.ide.mcu.externaltools.gnu-tools-for-stm32.12.3.rel1.win32_1.0.200.202406191623/tools/bin/../lib/gcc/arm-none-eabi/12.3.1/../../../../arm-none-eabi/lib/thumb/v7e-m+fp/hard\libc_nano.a(libc_a-mallocr.o)
 .text._malloc_r
                0x08008ddc      0x100 C:/ST/STM32CubeIDE_1.16.1/STM32CubeIDE/plugins/com.st.stm32cube.ide.mcu.externaltools.gnu-tools-for-stm32.12.3.rel1.win32_1.0.200.202406191623/tools/bin/../lib/gcc/arm-none-eabi/12.3.1/../../../../arm-none-eabi/lib/thumb/v7e-m+fp/hard\libc_nano.a(libc_a-mallocr.o)
                0x08008ddc                _malloc_r
 .text.__malloc_lock
                0x08008edc        0xc C:/ST/STM32CubeIDE_1.16.1/STM32CubeIDE/plugins/com.st.stm32cube.ide.mcu.externaltools.gnu-tools-for-stm32.12.3.rel1.win32_1.0.200.202406191623/tools/bin/../lib/gcc/arm-none-eabi/12.3.1/../../../../arm-none-eabi/lib/thumb/v7e-m+fp/hard\libc_nano.a(libc_a-mlock.o)
                0x08008edc                __malloc_lock
 .text.__malloc_unlock
                0x08008ee8        0xc C:/ST/STM32CubeIDE_1.16.1/STM32CubeIDE/plugins/com.st.stm32cube.ide.mcu.externaltools.gnu-tools-for-stm32.12.3.rel1.win32_1.0.200.202406191623/tools/bin/../lib/gcc/arm-none-eabi/12.3.1/../../../../arm-none-eabi/lib/thumb/v7e-m+fp/hard\libc_nano.a(libc_a-mlock.o)
                0x08008ee8                __malloc_unlock
 .text.__ssputs_r
                0x08008ef4       0xb6 C:/ST/STM32CubeIDE_1.16.1/STM32CubeIDE/plugins/com.st.stm32cube.ide.mcu.externaltools.gnu-tools-for-stm32.12.3.rel1.win32_1.0.200.202406191623/tools/bin/../lib/gcc/arm-none-eabi/12.3.1/../../../../arm-none-eabi/lib/thumb/v7e-m+fp/hard\libc_nano.a(libc_a-nano-svfprintf.o)
                0x08008ef4                __ssputs_r
 *fill*         0x08008faa        0x2 
 .text._svfprintf_r
                0x08008fac      0x1f8 C:/ST/STM32CubeIDE_1.16.1/STM32CubeIDE/plugins/com.st.stm32cube.ide.mcu.externaltools.gnu-tools-for-stm32.12.3.rel1.win32_1.0.200.202406191623/tools/bin/../lib/gcc/arm-none-eabi/12.3.1/../../../../arm-none-eabi/lib/thumb/v7e-m+fp/hard\libc_nano.a(libc_a-nano-svfprintf.o)
                0x08008fac                _svfiprintf_r
                0x08008fac                _svfprintf_r
 .text._printf_common
                0x080091a4       0xda C:/ST/STM32CubeIDE_1.16.1/STM32CubeIDE/plugins/com.st.stm32cube.ide.mcu.externaltools.gnu-tools-for-stm32.12.3.rel1.win32_1.0.200.202406191623/tools/bin/../lib/gcc/arm-none-eabi/12.3.1/../../../../arm-none-eabi/lib/thumb/v7e-m+fp/hard\libc_nano.a(libc_a-nano-vfprintf_i.o)
                0x080091a4                _printf_common
 *fill*         0x0800927e        0x2 
 .text._printf_i
                0x08009280      0x240 C:/ST/STM32CubeIDE_1.16.1/STM32CubeIDE/plugins/com.st.stm32cube.ide.mcu.externaltools.gnu-tools-for-stm32.12.3.rel1.win32_1.0.200.202406191623/tools/bin/../lib/gcc/arm-none-eabi/12.3.1/../../../../arm-none-eabi/lib/thumb/v7e-m+fp/hard\libc_nano.a(libc_a-nano-vfprintf_i.o)
                0x08009280                _printf_i
 .text.memmove  0x080094c0       0x34 C:/ST/STM32CubeIDE_1.16.1/STM32CubeIDE/plugins/com.st.stm32cube.ide.mcu.externaltools.gnu-tools-for-stm32.12.3.rel1.win32_1.0.200.202406191623/tools/bin/../lib/gcc/arm-none-eabi/12.3.1/../../../../arm-none-eabi/lib/thumb/v7e-m+fp/hard\libc_nano.a(libc_a-memmove.o)
                0x080094c0                memmove
 .text._sbrk_r  0x080094f4       0x20 C:/ST/STM32CubeIDE_1.16.1/STM32CubeIDE/plugins/com.st.stm32cube.ide.mcu.externaltools.gnu-tools-for-stm32.12.3.rel1.win32_1.0.200.202406191623/tools/bin/../lib/gcc/arm-none-eabi/12.3.1/../../../../arm-none-eabi/lib/thumb/v7e-m+fp/hard\libc_nano.a(libc_a-sbrkr.o)
                0x080094f4                _sbrk_r
 .text.memcpy   0x08009514       0x1c C:/ST/STM32CubeIDE_1.16.1/STM32CubeIDE/plugins/com.st.stm32cube.ide.mcu.externaltools.gnu-tools-for-stm32.12.3.rel1.win32_1.0.200.202406191623/tools/bin/../lib/gcc/arm-none-eabi/12.3.1/../../../../arm-none-eabi/lib/thumb/v7e-m+fp/hard\libc_nano.a(libc_a-memcpy-stub.o)
                0x08009514                memcpy
 .text._realloc_r
                0x08009530       0x5c C:/ST/STM32CubeIDE_1.16.1/STM32CubeIDE/plugins/com.st.stm32cube.ide.mcu.externaltools.gnu-tools-for-stm32.12.3.rel1.win32_1.0.200.202406191623/tools/bin/../lib/gcc/arm-none-eabi/12.3.1/../../../../arm-none-eabi/lib/thumb/v7e-m+fp/hard\libc_nano.a(libc_a-reallocr.o)
                0x08009530                _realloc_r
 .text._malloc_usable_size_r
                0x0800958c       0x10 C:/ST/STM32CubeIDE_1.16.1/STM32CubeIDE/plugins/com.st.stm32cube.ide.mcu.externaltools.gnu-tools-for-stm32.12.3.rel1.win32_1.0.200.202406191623/tools/bin/../lib/gcc/arm-none-eabi/12.3.1/../../../../arm-none-eabi/lib/thumb/v7e-m+fp/hard\libc_nano.a(libc_a-msizer.o)
                0x0800958c                _malloc_usable_size_r
 *(.glue_7)
 .glue_7        0x0800959c        0x0 linker stubs
 *(.glue_7t)
 .glue_7t       0x0800959c        0x0 linker stubs
 *(.eh_frame)
 .eh_frame      0x0800959c        0x0 C:/ST/STM32CubeIDE_1.16.1/STM32CubeIDE/plugins/com.st.stm32cube.ide.mcu.externaltools.gnu-tools-for-stm32.12.3.rel1.win32_1.0.200.202406191623/tools/bin/../lib/gcc/arm-none-eabi/12.3.1/thumb/v7e-m+fp/hard/crtbegin.o
 *(.init)
 .init          0x0800959c        0x4 C:/ST/STM32CubeIDE_1.16.1/STM32CubeIDE/plugins/com.st.stm32cube.ide.mcu.externaltools.gnu-tools-for-stm32.12.3.rel1.win32_1.0.200.202406191623/tools/bin/../lib/gcc/arm-none-eabi/12.3.1/thumb/v7e-m+fp/hard/crti.o
                0x0800959c                _init
 .init          0x080095a0        0x8 C:/ST/STM32CubeIDE_1.16.1/STM32CubeIDE/plugins/com.st.stm32cube.ide.mcu.externaltools.gnu-tools-for-stm32.12.3.rel1.win32_1.0.200.202406191623/tools/bin/../lib/gcc/arm-none-eabi/12.3.1/thumb/v7e-m+fp/hard/crtn.o
 *(.fini)
 .fini          0x080095a8        0x4 C:/ST/STM32CubeIDE_1.16.1/STM32CubeIDE/plugins/com.st.stm32cube.ide.mcu.externaltools.gnu-tools-for-stm32.12.3.rel1.win32_1.0.200.202406191623/tools/bin/../lib/gcc/arm-none-eabi/12.3.1/thumb/v7e-m+fp/hard/crti.o
                0x080095a8                _fini
 .fini          0x080095ac        0x8 C:/ST/STM32CubeIDE_1.16.1/STM32CubeIDE/plugins/com.st.stm32cube.ide.mcu.externaltools.gnu-tools-for-stm32.12.3.rel1.win32_1.0.200.202406191623/tools/bin/../lib/gcc/arm-none-eabi/12.3.1/thumb/v7e-m+fp/hard/crtn.o
                0x080095b4                        . = ALIGN (0x4)
                0x080095b4                        _etext = .

.vfp11_veneer   0x080095b4        0x0
 .vfp11_veneer  0x080095b4        0x0 linker stubs

.v4_bx          0x080095b4        0x0
 .v4_bx         0x080095b4        0x0 linker stubs

.iplt           0x080095b4        0x0
 .iplt          0x080095b4        0x0 C:/ST/STM32CubeIDE_1.16.1/STM32CubeIDE/plugins/com.st.stm32cube.ide.mcu.externaltools.gnu-tools-for-stm32.12.3.rel1.win32_1.0.200.202406191623/tools/bin/../lib/gcc/arm-none-eabi/12.3.1/thumb/v7e-m+fp/hard/crtbegin.o

.rodata         0x080095b4      0x434
                0x080095b4                        . = ALIGN (0x4)
 *(.rodata)
 .rodata        0x080095b4      0x302 ./Core/Src/main.o
 *fill*         0x080098b6        0x2 
 .rodata        0x080098b8       0x44 ./Middlewares/Third_Party/FatFs/src/ff.o
 *(.rodata*)
 .rodata.AHBPrescTable
                0x080098fc       0x10 ./Core/Src/system_stm32f3xx.o
                0x080098fc                AHBPrescTable
 .rodata.APBPrescTable
                0x0800990c        0x8 ./Core/Src/system_stm32f3xx.o
                0x0800990c                APBPrescTable
 .rodata.aPLLMULFactorTable
                0x08009914       0x10 ./Drivers/STM32F3xx_HAL_Driver/Src/stm32f3xx_hal_rcc.o
 .rodata.aPredivFactorTable
                0x08009924       0x10 ./Drivers/STM32F3xx_HAL_Driver/Src/stm32f3xx_hal_rcc.o
 .rodata.ExCvt  0x08009934       0x80 ./Middlewares/Third_Party/FatFs/src/ff.o
 .rodata._svfprintf_r.str1.1
                0x080099b4       0x11 C:/ST/STM32CubeIDE_1.16.1/STM32CubeIDE/plugins/com.st.stm32cube.ide.mcu.externaltools.gnu-tools-for-stm32.12.3.rel1.win32_1.0.200.202406191623/tools/bin/../lib/gcc/arm-none-eabi/12.3.1/../../../../arm-none-eabi/lib/thumb/v7e-m+fp/hard\libc_nano.a(libc_a-nano-svfprintf.o)
 .rodata._printf_i.str1.1
                0x080099c5       0x22 C:/ST/STM32CubeIDE_1.16.1/STM32CubeIDE/plugins/com.st.stm32cube.ide.mcu.externaltools.gnu-tools-for-stm32.12.3.rel1.win32_1.0.200.202406191623/tools/bin/../lib/gcc/arm-none-eabi/12.3.1/../../../../arm-none-eabi/lib/thumb/v7e-m+fp/hard\libc_nano.a(libc_a-nano-vfprintf_i.o)
                0x080099e8                        . = ALIGN (0x4)
 *fill*         0x080099e7        0x1 

.ARM.extab      0x080099e8        0x0
                0x080099e8                        . = ALIGN (0x4)
 *(.ARM.extab* .gnu.linkonce.armextab.*)
                0x080099e8                        . = ALIGN (0x4)

.ARM            0x080099e8        0x8
                0x080099e8                        . = ALIGN (0x4)
                0x080099e8                        __exidx_start = .
 *(.ARM.exidx*)
 .ARM.exidx     0x080099e8        0x8 C:/ST/STM32CubeIDE_1.16.1/STM32CubeIDE/plugins/com.st.stm32cube.ide.mcu.externaltools.gnu-tools-for-stm32.12.3.rel1.win32_1.0.200.202406191623/tools/bin/../lib/gcc/arm-none-eabi/12.3.1/../../../../arm-none-eabi/lib/thumb/v7e-m+fp/hard\libc_nano.a(libc_a-strlen.o)
 .ARM.exidx     0x080099f0        0x0 C:/ST/STM32CubeIDE_1.16.1/STM32CubeIDE/plugins/com.st.stm32cube.ide.mcu.externaltools.gnu-tools-for-stm32.12.3.rel1.win32_1.0.200.202406191623/tools/bin/../lib/gcc/arm-none-eabi/12.3.1/../../../../arm-none-eabi/lib/thumb/v7e-m+fp/hard\libc_nano.a(libc_a-memchr.o)
                                  0x8 (size before relaxing)
                0x080099f0                        __exidx_end = .
                0x080099f0                        . = ALIGN (0x4)

.preinit_array  0x080099f0        0x0
                0x080099f0                        . = ALIGN (0x4)
                0x080099f0                        PROVIDE (__preinit_array_start = .)
 *(.preinit_array*)
                0x080099f0                        PROVIDE (__preinit_array_end = .)
                0x080099f0                        . = ALIGN (0x4)

.init_array     0x080099f0        0x4
                0x080099f0                        . = ALIGN (0x4)
                0x080099f0                        PROVIDE (__init_array_start = .)
 *(SORT_BY_NAME(.init_array.*))
 *(.init_array*)
 .init_array    0x080099f0        0x4 C:/ST/STM32CubeIDE_1.16.1/STM32CubeIDE/plugins/com.st.stm32cube.ide.mcu.externaltools.gnu-tools-for-stm32.12.3.rel1.win32_1.0.200.202406191623/tools/bin/../lib/gcc/arm-none-eabi/12.3.1/thumb/v7e-m+fp/hard/crtbegin.o
                0x080099f4                        PROVIDE (__init_array_end = .)
                0x080099f4                        . = ALIGN (0x4)

.fini_array     0x080099f4        0x4
                0x080099f4                        . = ALIGN (0x4)
                [!provide]                        PROVIDE (__fini_array_start = .)
 *(SORT_BY_NAME(.fini_array.*))
 *(.fini_array*)
 .fini_array    0x080099f4        0x4 C:/ST/STM32CubeIDE_1.16.1/STM32CubeIDE/plugins/com.st.stm32cube.ide.mcu.externaltools.gnu-tools-for-stm32.12.3.rel1.win32_1.0.200.202406191623/tools/bin/../lib/gcc/arm-none-eabi/12.3.1/thumb/v7e-m+fp/hard/crtbegin.o
                [!provide]                        PROVIDE (__fini_array_end = .)
                0x080099f8                        . = ALIGN (0x4)
                0x080099f8                        _sidata = LOADADDR (.data)

.rel.dyn        0x080099f8        0x0
 .rel.iplt      0x080099f8        0x0 C:/ST/STM32CubeIDE_1.16.1/STM32CubeIDE/plugins/com.st.stm32cube.ide.mcu.externaltools.gnu-tools-for-stm32.12.3.rel1.win32_1.0.200.202406191623/tools/bin/../lib/gcc/arm-none-eabi/12.3.1/thumb/v7e-m+fp/hard/crtbegin.o

.data           0x20000000       0xa8 load address 0x080099f8
                0x20000000                        . = ALIGN (0x4)
                0x20000000                        _sdata = .
 *(.data)
 *(.data*)
 .data.ok_notok
                0x20000000        0x1 ./Core/Src/main.o
                0x20000000                ok_notok
 *fill*         0x20000001        0x3 
 .data.CMD0     0x20000004        0x6 ./Core/Src/main.o
                0x20000004                CMD0
 *fill*         0x2000000a        0x2 
 .data.high     0x2000000c        0xa ./Core/Src/main.o
                0x2000000c                high
 *fill*         0x20000016        0x2 
 .data.CMD8     0x20000018        0x6 ./Core/Src/main.o
                0x20000018                CMD8
 *fill*         0x2000001e        0x2 
 .data.CMD55    0x20000020        0x6 ./Core/Src/main.o
                0x20000020                CMD55
 *fill*         0x20000026        0x2 
 .data.ACMD41   0x20000028        0x6 ./Core/Src/main.o
                0x20000028                ACMD41
 *fill*         0x2000002e        0x2 
 .data.highByte
                0x20000030        0x1 ./Core/Src/main.o
                0x20000030                highByte
 *fill*         0x20000031        0x3 
 .data.SystemCoreClock
                0x20000034        0x4 ./Core/Src/system_stm32f3xx.o
                0x20000034                SystemCoreClock
 .data.uwTickPrio
                0x20000038        0x4 ./Drivers/STM32F3xx_HAL_Driver/Src/stm32f3xx_hal.o
                0x20000038                uwTickPrio
 .data.uwTickFreq
                0x2000003c        0x1 ./Drivers/STM32F3xx_HAL_Driver/Src/stm32f3xx_hal.o
                0x2000003c                uwTickFreq
 *fill*         0x2000003d        0x3 
 .data.USER_Driver
                0x20000040       0x14 ./FATFS/Target/user_diskio.o
                0x20000040                USER_Driver
 .data.Stat     0x20000054        0x1 ./FATFS/Target/user_diskio_spi.o
 *fill*         0x20000055        0x3 
 .data._impure_ptr
                0x20000058        0x4 C:/ST/STM32CubeIDE_1.16.1/STM32CubeIDE/plugins/com.st.stm32cube.ide.mcu.externaltools.gnu-tools-for-stm32.12.3.rel1.win32_1.0.200.202406191623/tools/bin/../lib/gcc/arm-none-eabi/12.3.1/../../../../arm-none-eabi/lib/thumb/v7e-m+fp/hard\libc_nano.a(libc_a-impure.o)
                0x20000058                _impure_ptr
 .data._impure_data
                0x2000005c       0x4c C:/ST/STM32CubeIDE_1.16.1/STM32CubeIDE/plugins/com.st.stm32cube.ide.mcu.externaltools.gnu-tools-for-stm32.12.3.rel1.win32_1.0.200.202406191623/tools/bin/../lib/gcc/arm-none-eabi/12.3.1/../../../../arm-none-eabi/lib/thumb/v7e-m+fp/hard\libc_nano.a(libc_a-impure.o)
                0x2000005c                _impure_data
 *(.RamFunc)
 *(.RamFunc*)
                0x200000a8                        . = ALIGN (0x4)
                0x200000a8                        _edata = .
                0x08009aa0                        _siccmram = LOADADDR (.ccmram)

.igot.plt       0x200000a8        0x0 load address 0x08009aa0
 .igot.plt      0x200000a8        0x0 C:/ST/STM32CubeIDE_1.16.1/STM32CubeIDE/plugins/com.st.stm32cube.ide.mcu.externaltools.gnu-tools-for-stm32.12.3.rel1.win32_1.0.200.202406191623/tools/bin/../lib/gcc/arm-none-eabi/12.3.1/thumb/v7e-m+fp/hard/crtbegin.o

.ccmram         0x10000000        0x0 load address 0x08009aa0
                0x10000000                        . = ALIGN (0x4)
                0x10000000                        _sccmram = .
 *(.ccmram)
 *(.ccmram*)
                0x10000000                        . = ALIGN (0x4)
                0x10000000                        _eccmram = .
                0x10000000                        . = ALIGN (0x4)

.bss            0x200000a8      0x4b4
                0x200000a8                        _sbss = .
                0x200000a8                        __bss_start__ = _sbss
 *(.bss)
 .bss           0x200000a8       0x1c C:/ST/STM32CubeIDE_1.16.1/STM32CubeIDE/plugins/com.st.stm32cube.ide.mcu.externaltools.gnu-tools-for-stm32.12.3.rel1.win32_1.0.200.202406191623/tools/bin/../lib/gcc/arm-none-eabi/12.3.1/thumb/v7e-m+fp/hard/crtbegin.o
 *(.bss*)
 .bss.hcan      0x200000c4       0x28 ./Core/Src/main.o
                0x200000c4                hcan
 .bss.hspi2     0x200000ec       0x64 ./Core/Src/main.o
                0x200000ec                hspi2
 .bss.huart1    0x20000150       0x88 ./Core/Src/main.o
                0x20000150                huart1
 .bss.huart2    0x200001d8       0x88 ./Core/Src/main.o
                0x200001d8                huart2
 .bss.CMD0_Response
                0x20000260        0x2 ./Core/Src/main.o
                0x20000260                CMD0_Response
 *fill*         0x20000262        0x2 
 .bss.CMD8_Response
                0x20000264        0x7 ./Core/Src/main.o
                0x20000264                CMD8_Response
 *fill*         0x2000026b        0x1 
 .bss.CMD55_Response
                0x2000026c        0x2 ./Core/Src/main.o
                0x2000026c                CMD55_Response
 *fill*         0x2000026e        0x2 
 .bss.ACMD41_Response
                0x20000270        0x2 ./Core/Src/main.o
                0x20000270                ACMD41_Response
 *fill*         0x20000272        0x2 
 .bss.count     0x20000274        0x4 ./Core/Src/main.o
                0x20000274                count
 .bss.RxHeader  0x20000278       0x1c ./Core/Src/main.o
                0x20000278                RxHeader
 .bss.RxData    0x20000294        0x8 ./Core/Src/main.o
                0x20000294                RxData
 .bss.med       0x2000029c       0x10 ./Core/Src/main.o
                0x2000029c                med
 .bss.fast      0x200002ac       0x10 ./Core/Src/main.o
                0x200002ac                fast
 .bss.stat      0x200002bc       0x10 ./Core/Src/main.o
                0x200002bc                stat
 .bss.buffer.0  0x200002cc      0x100 ./Core/Src/main.o
 .bss.__sbrk_heap_end
                0x200003cc        0x4 ./Core/Src/sysmem.o
 .bss.uwTick    0x200003d0        0x4 ./Drivers/STM32F3xx_HAL_Driver/Src/stm32f3xx_hal.o
                0x200003d0                uwTick
 .bss.retUSER   0x200003d4        0x1 ./FATFS/App/fatfs.o
                0x200003d4                retUSER
 *fill*         0x200003d5        0x3 
 .bss.USERPath  0x200003d8        0x4 ./FATFS/App/fatfs.o
                0x200003d8                USERPath
 .bss.CardType  0x200003dc        0x1 ./FATFS/Target/user_diskio_spi.o
 *fill*         0x200003dd        0x3 
 .bss.spiTimerTickStart
                0x200003e0        0x4 ./FATFS/Target/user_diskio_spi.o
                0x200003e0                spiTimerTickStart
 .bss.spiTimerTickDelay
                0x200003e4        0x4 ./FATFS/Target/user_diskio_spi.o
                0x200003e4                spiTimerTickDelay
 .bss.FatFs     0x200003e8        0x4 ./Middlewares/Third_Party/FatFs/src/ff.o
 .bss.Fsid      0x200003ec        0x2 ./Middlewares/Third_Party/FatFs/src/ff.o
 *fill*         0x200003ee        0x2 
 .bss.Files     0x200003f0       0x18 ./Middlewares/Third_Party/FatFs/src/ff.o
 .bss.disk      0x20000408        0xc ./Middlewares/Third_Party/FatFs/src/ff_gen_drv.o
                0x20000408                disk
 .bss.__sf      0x20000414      0x138 C:/ST/STM32CubeIDE_1.16.1/STM32CubeIDE/plugins/com.st.stm32cube.ide.mcu.externaltools.gnu-tools-for-stm32.12.3.rel1.win32_1.0.200.202406191623/tools/bin/../lib/gcc/arm-none-eabi/12.3.1/../../../../arm-none-eabi/lib/thumb/v7e-m+fp/hard\libc_nano.a(libc_a-findfp.o)
                0x20000414                __sf
 .bss.errno     0x2000054c        0x4 C:/ST/STM32CubeIDE_1.16.1/STM32CubeIDE/plugins/com.st.stm32cube.ide.mcu.externaltools.gnu-tools-for-stm32.12.3.rel1.win32_1.0.200.202406191623/tools/bin/../lib/gcc/arm-none-eabi/12.3.1/../../../../arm-none-eabi/lib/thumb/v7e-m+fp/hard\libc_nano.a(libc_a-reent.o)
                0x2000054c                errno
 .bss.__lock___malloc_recursive_mutex
                0x20000550        0x1 C:/ST/STM32CubeIDE_1.16.1/STM32CubeIDE/plugins/com.st.stm32cube.ide.mcu.externaltools.gnu-tools-for-stm32.12.3.rel1.win32_1.0.200.202406191623/tools/bin/../lib/gcc/arm-none-eabi/12.3.1/../../../../arm-none-eabi/lib/thumb/v7e-m+fp/hard\libc_nano.a(libc_a-lock.o)
                0x20000550                __lock___malloc_recursive_mutex
 *fill*         0x20000551        0x3 
 .bss.__malloc_sbrk_start
                0x20000554        0x4 C:/ST/STM32CubeIDE_1.16.1/STM32CubeIDE/plugins/com.st.stm32cube.ide.mcu.externaltools.gnu-tools-for-stm32.12.3.rel1.win32_1.0.200.202406191623/tools/bin/../lib/gcc/arm-none-eabi/12.3.1/../../../../arm-none-eabi/lib/thumb/v7e-m+fp/hard\libc_nano.a(libc_a-mallocr.o)
                0x20000554                __malloc_sbrk_start
 .bss.__malloc_free_list
                0x20000558        0x4 C:/ST/STM32CubeIDE_1.16.1/STM32CubeIDE/plugins/com.st.stm32cube.ide.mcu.externaltools.gnu-tools-for-stm32.12.3.rel1.win32_1.0.200.202406191623/tools/bin/../lib/gcc/arm-none-eabi/12.3.1/../../../../arm-none-eabi/lib/thumb/v7e-m+fp/hard\libc_nano.a(libc_a-mallocr.o)
                0x20000558                __malloc_free_list
 *(COMMON)
                0x2000055c                        . = ALIGN (0x4)
                0x2000055c                        _ebss = .
                0x2000055c                        __bss_end__ = _ebss

._user_heap_stack
                0x2000055c      0x604
                0x20000560                        . = ALIGN (0x8)
 *fill*         0x2000055c        0x4 
                [!provide]                        PROVIDE (end = .)
                0x20000560                        PROVIDE (_end = .)
                0x20000760                        . = (. + _Min_Heap_Size)
 *fill*         0x20000560      0x200 
                0x20000b60                        . = (. + _Min_Stack_Size)
 *fill*         0x20000760      0x400 
                0x20000b60                        . = ALIGN (0x8)

/DISCARD/
 libc.a(*)
 libm.a(*)
 libgcc.a(*)

.ARM.attributes
                0x00000000       0x30
 *(.ARM.attributes)
 .ARM.attributes
                0x00000000       0x22 C:/ST/STM32CubeIDE_1.16.1/STM32CubeIDE/plugins/com.st.stm32cube.ide.mcu.externaltools.gnu-tools-for-stm32.12.3.rel1.win32_1.0.200.202406191623/tools/bin/../lib/gcc/arm-none-eabi/12.3.1/thumb/v7e-m+fp/hard/crti.o
 .ARM.attributes
                0x00000022       0x34 C:/ST/STM32CubeIDE_1.16.1/STM32CubeIDE/plugins/com.st.stm32cube.ide.mcu.externaltools.gnu-tools-for-stm32.12.3.rel1.win32_1.0.200.202406191623/tools/bin/../lib/gcc/arm-none-eabi/12.3.1/thumb/v7e-m+fp/hard/crtbegin.o
 .ARM.attributes
                0x00000056       0x34 ./Core/Src/main.o
 .ARM.attributes
                0x0000008a       0x34 ./Core/Src/stm32f3xx_hal_msp.o
 .ARM.attributes
                0x000000be       0x34 ./Core/Src/stm32f3xx_it.o
 .ARM.attributes
                0x000000f2       0x34 ./Core/Src/sysmem.o
 .ARM.attributes
                0x00000126       0x34 ./Core/Src/system_stm32f3xx.o
 .ARM.attributes
                0x0000015a       0x21 ./Core/Startup/startup_stm32f303retx.o
 .ARM.attributes
                0x0000017b       0x34 ./Drivers/STM32F3xx_HAL_Driver/Src/stm32f3xx_hal.o
 .ARM.attributes
                0x000001af       0x34 ./Drivers/STM32F3xx_HAL_Driver/Src/stm32f3xx_hal_can.o
 .ARM.attributes
                0x000001e3       0x34 ./Drivers/STM32F3xx_HAL_Driver/Src/stm32f3xx_hal_cortex.o
 .ARM.attributes
                0x00000217       0x34 ./Drivers/STM32F3xx_HAL_Driver/Src/stm32f3xx_hal_gpio.o
 .ARM.attributes
                0x0000024b       0x34 ./Drivers/STM32F3xx_HAL_Driver/Src/stm32f3xx_hal_rcc.o
 .ARM.attributes
                0x0000027f       0x34 ./Drivers/STM32F3xx_HAL_Driver/Src/stm32f3xx_hal_rcc_ex.o
 .ARM.attributes
                0x000002b3       0x34 ./Drivers/STM32F3xx_HAL_Driver/Src/stm32f3xx_hal_spi.o
 .ARM.attributes
                0x000002e7       0x34 ./Drivers/STM32F3xx_HAL_Driver/Src/stm32f3xx_hal_uart.o
 .ARM.attributes
                0x0000031b       0x34 ./FATFS/App/fatfs.o
 .ARM.attributes
                0x0000034f       0x34 ./FATFS/Target/user_diskio.o
 .ARM.attributes
                0x00000383       0x34 ./FATFS/Target/user_diskio_spi.o
 .ARM.attributes
                0x000003b7       0x34 ./Middlewares/Third_Party/FatFs/src/diskio.o
 .ARM.attributes
                0x000003eb       0x34 ./Middlewares/Third_Party/FatFs/src/ff.o
 .ARM.attributes
                0x0000041f       0x34 ./Middlewares/Third_Party/FatFs/src/ff_gen_drv.o
 .ARM.attributes
                0x00000453       0x34 C:/ST/STM32CubeIDE_1.16.1/STM32CubeIDE/plugins/com.st.stm32cube.ide.mcu.externaltools.gnu-tools-for-stm32.12.3.rel1.win32_1.0.200.202406191623/tools/bin/../lib/gcc/arm-none-eabi/12.3.1/../../../../arm-none-eabi/lib/thumb/v7e-m+fp/hard\libc_nano.a(libc_a-findfp.o)
 .ARM.attributes
                0x00000487       0x34 C:/ST/STM32CubeIDE_1.16.1/STM32CubeIDE/plugins/com.st.stm32cube.ide.mcu.externaltools.gnu-tools-for-stm32.12.3.rel1.win32_1.0.200.202406191623/tools/bin/../lib/gcc/arm-none-eabi/12.3.1/../../../../arm-none-eabi/lib/thumb/v7e-m+fp/hard\libc_nano.a(libc_a-vsnprintf.o)
 .ARM.attributes
                0x000004bb       0x34 C:/ST/STM32CubeIDE_1.16.1/STM32CubeIDE/plugins/com.st.stm32cube.ide.mcu.externaltools.gnu-tools-for-stm32.12.3.rel1.win32_1.0.200.202406191623/tools/bin/../lib/gcc/arm-none-eabi/12.3.1/../../../../arm-none-eabi/lib/thumb/v7e-m+fp/hard\libc_nano.a(libc_a-memset.o)
 .ARM.attributes
                0x000004ef       0x34 C:/ST/STM32CubeIDE_1.16.1/STM32CubeIDE/plugins/com.st.stm32cube.ide.mcu.externaltools.gnu-tools-for-stm32.12.3.rel1.win32_1.0.200.202406191623/tools/bin/../lib/gcc/arm-none-eabi/12.3.1/../../../../arm-none-eabi/lib/thumb/v7e-m+fp/hard\libc_nano.a(libc_a-reent.o)
 .ARM.attributes
                0x00000523       0x34 C:/ST/STM32CubeIDE_1.16.1/STM32CubeIDE/plugins/com.st.stm32cube.ide.mcu.externaltools.gnu-tools-for-stm32.12.3.rel1.win32_1.0.200.202406191623/tools/bin/../lib/gcc/arm-none-eabi/12.3.1/../../../../arm-none-eabi/lib/thumb/v7e-m+fp/hard\libc_nano.a(libc_a-impure.o)
 .ARM.attributes
                0x00000557       0x34 C:/ST/STM32CubeIDE_1.16.1/STM32CubeIDE/plugins/com.st.stm32cube.ide.mcu.externaltools.gnu-tools-for-stm32.12.3.rel1.win32_1.0.200.202406191623/tools/bin/../lib/gcc/arm-none-eabi/12.3.1/../../../../arm-none-eabi/lib/thumb/v7e-m+fp/hard\libc_nano.a(libc_a-errno.o)
 .ARM.attributes
                0x0000058b       0x34 C:/ST/STM32CubeIDE_1.16.1/STM32CubeIDE/plugins/com.st.stm32cube.ide.mcu.externaltools.gnu-tools-for-stm32.12.3.rel1.win32_1.0.200.202406191623/tools/bin/../lib/gcc/arm-none-eabi/12.3.1/../../../../arm-none-eabi/lib/thumb/v7e-m+fp/hard\libc_nano.a(libc_a-init.o)
 .ARM.attributes
                0x000005bf       0x34 C:/ST/STM32CubeIDE_1.16.1/STM32CubeIDE/plugins/com.st.stm32cube.ide.mcu.externaltools.gnu-tools-for-stm32.12.3.rel1.win32_1.0.200.202406191623/tools/bin/../lib/gcc/arm-none-eabi/12.3.1/../../../../arm-none-eabi/lib/thumb/v7e-m+fp/hard\libc_nano.a(libc_a-lock.o)
 .ARM.attributes
                0x000005f3       0x17 C:/ST/STM32CubeIDE_1.16.1/STM32CubeIDE/plugins/com.st.stm32cube.ide.mcu.externaltools.gnu-tools-for-stm32.12.3.rel1.win32_1.0.200.202406191623/tools/bin/../lib/gcc/arm-none-eabi/12.3.1/../../../../arm-none-eabi/lib/thumb/v7e-m+fp/hard\libc_nano.a(libc_a-strlen.o)
 .ARM.attributes
                0x0000060a       0x34 C:/ST/STM32CubeIDE_1.16.1/STM32CubeIDE/plugins/com.st.stm32cube.ide.mcu.externaltools.gnu-tools-for-stm32.12.3.rel1.win32_1.0.200.202406191623/tools/bin/../lib/gcc/arm-none-eabi/12.3.1/../../../../arm-none-eabi/lib/thumb/v7e-m+fp/hard\libc_nano.a(libc_a-freer.o)
 .ARM.attributes
                0x0000063e       0x34 C:/ST/STM32CubeIDE_1.16.1/STM32CubeIDE/plugins/com.st.stm32cube.ide.mcu.externaltools.gnu-tools-for-stm32.12.3.rel1.win32_1.0.200.202406191623/tools/bin/../lib/gcc/arm-none-eabi/12.3.1/../../../../arm-none-eabi/lib/thumb/v7e-m+fp/hard\libc_nano.a(libc_a-mallocr.o)
 .ARM.attributes
                0x00000672       0x34 C:/ST/STM32CubeIDE_1.16.1/STM32CubeIDE/plugins/com.st.stm32cube.ide.mcu.externaltools.gnu-tools-for-stm32.12.3.rel1.win32_1.0.200.202406191623/tools/bin/../lib/gcc/arm-none-eabi/12.3.1/../../../../arm-none-eabi/lib/thumb/v7e-m+fp/hard\libc_nano.a(libc_a-mlock.o)
 .ARM.attributes
                0x000006a6       0x34 C:/ST/STM32CubeIDE_1.16.1/STM32CubeIDE/plugins/com.st.stm32cube.ide.mcu.externaltools.gnu-tools-for-stm32.12.3.rel1.win32_1.0.200.202406191623/tools/bin/../lib/gcc/arm-none-eabi/12.3.1/../../../../arm-none-eabi/lib/thumb/v7e-m+fp/hard\libc_nano.a(libc_a-nano-svfprintf.o)
 .ARM.attributes
                0x000006da       0x34 C:/ST/STM32CubeIDE_1.16.1/STM32CubeIDE/plugins/com.st.stm32cube.ide.mcu.externaltools.gnu-tools-for-stm32.12.3.rel1.win32_1.0.200.202406191623/tools/bin/../lib/gcc/arm-none-eabi/12.3.1/../../../../arm-none-eabi/lib/thumb/v7e-m+fp/hard\libc_nano.a(libc_a-nano-vfprintf_i.o)
 .ARM.attributes
                0x0000070e       0x34 C:/ST/STM32CubeIDE_1.16.1/STM32CubeIDE/plugins/com.st.stm32cube.ide.mcu.externaltools.gnu-tools-for-stm32.12.3.rel1.win32_1.0.200.202406191623/tools/bin/../lib/gcc/arm-none-eabi/12.3.1/../../../../arm-none-eabi/lib/thumb/v7e-m+fp/hard\libc_nano.a(libc_a-memmove.o)
 .ARM.attributes
                0x00000742       0x34 C:/ST/STM32CubeIDE_1.16.1/STM32CubeIDE/plugins/com.st.stm32cube.ide.mcu.externaltools.gnu-tools-for-stm32.12.3.rel1.win32_1.0.200.202406191623/tools/bin/../lib/gcc/arm-none-eabi/12.3.1/../../../../arm-none-eabi/lib/thumb/v7e-m+fp/hard\libc_nano.a(libc_a-sbrkr.o)
 .ARM.attributes
                0x00000776       0x1c C:/ST/STM32CubeIDE_1.16.1/STM32CubeIDE/plugins/com.st.stm32cube.ide.mcu.externaltools.gnu-tools-for-stm32.12.3.rel1.win32_1.0.200.202406191623/tools/bin/../lib/gcc/arm-none-eabi/12.3.1/../../../../arm-none-eabi/lib/thumb/v7e-m+fp/hard\libc_nano.a(libc_a-memchr.o)
 .ARM.attributes
                0x00000792       0x34 C:/ST/STM32CubeIDE_1.16.1/STM32CubeIDE/plugins/com.st.stm32cube.ide.mcu.externaltools.gnu-tools-for-stm32.12.3.rel1.win32_1.0.200.202406191623/tools/bin/../lib/gcc/arm-none-eabi/12.3.1/../../../../arm-none-eabi/lib/thumb/v7e-m+fp/hard\libc_nano.a(libc_a-memcpy-stub.o)
 .ARM.attributes
                0x000007c6       0x34 C:/ST/STM32CubeIDE_1.16.1/STM32CubeIDE/plugins/com.st.stm32cube.ide.mcu.externaltools.gnu-tools-for-stm32.12.3.rel1.win32_1.0.200.202406191623/tools/bin/../lib/gcc/arm-none-eabi/12.3.1/../../../../arm-none-eabi/lib/thumb/v7e-m+fp/hard\libc_nano.a(libc_a-reallocr.o)
 .ARM.attributes
                0x000007fa       0x34 C:/ST/STM32CubeIDE_1.16.1/STM32CubeIDE/plugins/com.st.stm32cube.ide.mcu.externaltools.gnu-tools-for-stm32.12.3.rel1.win32_1.0.200.202406191623/tools/bin/../lib/gcc/arm-none-eabi/12.3.1/../../../../arm-none-eabi/lib/thumb/v7e-m+fp/hard\libc_nano.a(libc_a-msizer.o)
 .ARM.attributes
                0x0000082e       0x22 C:/ST/STM32CubeIDE_1.16.1/STM32CubeIDE/plugins/com.st.stm32cube.ide.mcu.externaltools.gnu-tools-for-stm32.12.3.rel1.win32_1.0.200.202406191623/tools/bin/../lib/gcc/arm-none-eabi/12.3.1/thumb/v7e-m+fp/hard/crtn.o
OUTPUT(CUFR_LT.elf elf32-littlearm)
LOAD linker stubs
LOAD C:/ST/STM32CubeIDE_1.16.1/STM32CubeIDE/plugins/com.st.stm32cube.ide.mcu.externaltools.gnu-tools-for-stm32.12.3.rel1.win32_1.0.200.202406191623/tools/bin/../lib/gcc/arm-none-eabi/12.3.1/../../../../arm-none-eabi/lib/thumb/v7e-m+fp/hard\libc.a
LOAD C:/ST/STM32CubeIDE_1.16.1/STM32CubeIDE/plugins/com.st.stm32cube.ide.mcu.externaltools.gnu-tools-for-stm32.12.3.rel1.win32_1.0.200.202406191623/tools/bin/../lib/gcc/arm-none-eabi/12.3.1/../../../../arm-none-eabi/lib/thumb/v7e-m+fp/hard\libm.a
LOAD C:/ST/STM32CubeIDE_1.16.1/STM32CubeIDE/plugins/com.st.stm32cube.ide.mcu.externaltools.gnu-tools-for-stm32.12.3.rel1.win32_1.0.200.202406191623/tools/bin/../lib/gcc/arm-none-eabi/12.3.1/thumb/v7e-m+fp/hard\libgcc.a

.debug_info     0x00000000    0x10ae0
 .debug_info    0x00000000     0x2156 ./Core/Src/main.o
 .debug_info    0x00002156     0x10cc ./Core/Src/stm32f3xx_hal_msp.o
 .debug_info    0x00003222      0x113 ./Core/Src/stm32f3xx_it.o
 .debug_info    0x00003335      0x168 ./Core/Src/sysmem.o
 .debug_info    0x0000349d      0x407 ./Core/Src/system_stm32f3xx.o
 .debug_info    0x000038a4       0x30 ./Core/Startup/startup_stm32f303retx.o
 .debug_info    0x000038d4      0x804 ./Drivers/STM32F3xx_HAL_Driver/Src/stm32f3xx_hal.o
 .debug_info    0x000040d8      0xf07 ./Drivers/STM32F3xx_HAL_Driver/Src/stm32f3xx_hal_can.o
 .debug_info    0x00004fdf      0xd14 ./Drivers/STM32F3xx_HAL_Driver/Src/stm32f3xx_hal_cortex.o
 .debug_info    0x00005cf3      0x6a6 ./Drivers/STM32F3xx_HAL_Driver/Src/stm32f3xx_hal_gpio.o
 .debug_info    0x00006399     0x149a ./Drivers/STM32F3xx_HAL_Driver/Src/stm32f3xx_hal_rcc.o
 .debug_info    0x00007833      0x61b ./Drivers/STM32F3xx_HAL_Driver/Src/stm32f3xx_hal_rcc_ex.o
 .debug_info    0x00007e4e     0x1622 ./Drivers/STM32F3xx_HAL_Driver/Src/stm32f3xx_hal_spi.o
 .debug_info    0x00009470     0x39a8 ./Drivers/STM32F3xx_HAL_Driver/Src/stm32f3xx_hal_uart.o
 .debug_info    0x0000ce18      0x4cf ./FATFS/App/fatfs.o
 .debug_info    0x0000d2e7      0x3aa ./FATFS/Target/user_diskio.o
 .debug_info    0x0000d691      0xc21 ./FATFS/Target/user_diskio_spi.o
 .debug_info    0x0000e2b2      0x3da ./Middlewares/Third_Party/FatFs/src/diskio.o
 .debug_info    0x0000e68c     0x20da ./Middlewares/Third_Party/FatFs/src/ff.o
 .debug_info    0x00010766      0x37a ./Middlewares/Third_Party/FatFs/src/ff_gen_drv.o

.debug_abbrev   0x00000000     0x282b
 .debug_abbrev  0x00000000      0x41e ./Core/Src/main.o
 .debug_abbrev  0x0000041e      0x218 ./Core/Src/stm32f3xx_hal_msp.o
 .debug_abbrev  0x00000636       0x73 ./Core/Src/stm32f3xx_it.o
 .debug_abbrev  0x000006a9       0xbc ./Core/Src/sysmem.o
 .debug_abbrev  0x00000765      0x11a ./Core/Src/system_stm32f3xx.o
 .debug_abbrev  0x0000087f       0x24 ./Core/Startup/startup_stm32f303retx.o
 .debug_abbrev  0x000008a3      0x215 ./Drivers/STM32F3xx_HAL_Driver/Src/stm32f3xx_hal.o
 .debug_abbrev  0x00000ab8      0x231 ./Drivers/STM32F3xx_HAL_Driver/Src/stm32f3xx_hal_can.o
 .debug_abbrev  0x00000ce9      0x31e ./Drivers/STM32F3xx_HAL_Driver/Src/stm32f3xx_hal_cortex.o
 .debug_abbrev  0x00001007      0x1ca ./Drivers/STM32F3xx_HAL_Driver/Src/stm32f3xx_hal_gpio.o
 .debug_abbrev  0x000011d1      0x300 ./Drivers/STM32F3xx_HAL_Driver/Src/stm32f3xx_hal_rcc.o
 .debug_abbrev  0x000014d1      0x221 ./Drivers/STM32F3xx_HAL_Driver/Src/stm32f3xx_hal_rcc_ex.o
 .debug_abbrev  0x000016f2      0x269 ./Drivers/STM32F3xx_HAL_Driver/Src/stm32f3xx_hal_spi.o
 .debug_abbrev  0x0000195b      0x2d1 ./Drivers/STM32F3xx_HAL_Driver/Src/stm32f3xx_hal_uart.o
 .debug_abbrev  0x00001c2c      0x1a8 ./FATFS/App/fatfs.o
 .debug_abbrev  0x00001dd4      0x143 ./FATFS/Target/user_diskio.o
 .debug_abbrev  0x00001f17      0x31a ./FATFS/Target/user_diskio_spi.o
 .debug_abbrev  0x00002231      0x181 ./Middlewares/Third_Party/FatFs/src/diskio.o
 .debug_abbrev  0x000023b2      0x2da ./Middlewares/Third_Party/FatFs/src/ff.o
 .debug_abbrev  0x0000268c      0x19f ./Middlewares/Third_Party/FatFs/src/ff_gen_drv.o

.debug_aranges  0x00000000      0xd68
 .debug_aranges
                0x00000000       0x80 ./Core/Src/main.o
 .debug_aranges
                0x00000080       0x50 ./Core/Src/stm32f3xx_hal_msp.o
 .debug_aranges
                0x000000d0       0x60 ./Core/Src/stm32f3xx_it.o
 .debug_aranges
                0x00000130       0x20 ./Core/Src/sysmem.o
 .debug_aranges
                0x00000150       0x28 ./Core/Src/system_stm32f3xx.o
 .debug_aranges
                0x00000178       0x28 ./Core/Startup/startup_stm32f303retx.o
 .debug_aranges
                0x000001a0       0xe0 ./Drivers/STM32F3xx_HAL_Driver/Src/stm32f3xx_hal.o
 .debug_aranges
                0x00000280      0x138 ./Drivers/STM32F3xx_HAL_Driver/Src/stm32f3xx_hal_can.o
 .debug_aranges
                0x000003b8      0x128 ./Drivers/STM32F3xx_HAL_Driver/Src/stm32f3xx_hal_cortex.o
 .debug_aranges
                0x000004e0       0x58 ./Drivers/STM32F3xx_HAL_Driver/Src/stm32f3xx_hal_gpio.o
 .debug_aranges
                0x00000538       0x88 ./Drivers/STM32F3xx_HAL_Driver/Src/stm32f3xx_hal_rcc.o
 .debug_aranges
                0x000005c0       0x38 ./Drivers/STM32F3xx_HAL_Driver/Src/stm32f3xx_hal_rcc_ex.o
 .debug_aranges
                0x000005f8      0x1d8 ./Drivers/STM32F3xx_HAL_Driver/Src/stm32f3xx_hal_spi.o
 .debug_aranges
                0x000007d0      0x228 ./Drivers/STM32F3xx_HAL_Driver/Src/stm32f3xx_hal_uart.o
 .debug_aranges
                0x000009f8       0x28 ./FATFS/App/fatfs.o
 .debug_aranges
                0x00000a20       0x40 ./FATFS/Target/user_diskio.o
 .debug_aranges
                0x00000a60       0x98 ./FATFS/Target/user_diskio_spi.o
 .debug_aranges
                0x00000af8       0x48 ./Middlewares/Third_Party/FatFs/src/diskio.o
 .debug_aranges
                0x00000b40      0x1e8 ./Middlewares/Third_Party/FatFs/src/ff.o
 .debug_aranges
                0x00000d28       0x40 ./Middlewares/Third_Party/FatFs/src/ff_gen_drv.o

.debug_rnglists
                0x00000000      0xa52
 .debug_rnglists
                0x00000000       0x62 ./Core/Src/main.o
 .debug_rnglists
                0x00000062       0x3a ./Core/Src/stm32f3xx_hal_msp.o
 .debug_rnglists
                0x0000009c       0x43 ./Core/Src/stm32f3xx_it.o
 .debug_rnglists
                0x000000df       0x13 ./Core/Src/sysmem.o
 .debug_rnglists
                0x000000f2       0x1a ./Core/Src/system_stm32f3xx.o
 .debug_rnglists
                0x0000010c       0x19 ./Core/Startup/startup_stm32f303retx.o
 .debug_rnglists
                0x00000125       0xa3 ./Drivers/STM32F3xx_HAL_Driver/Src/stm32f3xx_hal.o
 .debug_rnglists
                0x000001c8       0xee ./Drivers/STM32F3xx_HAL_Driver/Src/stm32f3xx_hal_can.o
 .debug_rnglists
                0x000002b6       0xda ./Drivers/STM32F3xx_HAL_Driver/Src/stm32f3xx_hal_cortex.o
 .debug_rnglists
                0x00000390       0x3f ./Drivers/STM32F3xx_HAL_Driver/Src/stm32f3xx_hal_gpio.o
 .debug_rnglists
                0x000003cf       0x66 ./Drivers/STM32F3xx_HAL_Driver/Src/stm32f3xx_hal_rcc.o
 .debug_rnglists
                0x00000435       0x29 ./Drivers/STM32F3xx_HAL_Driver/Src/stm32f3xx_hal_rcc_ex.o
 .debug_rnglists
                0x0000045e      0x178 ./Drivers/STM32F3xx_HAL_Driver/Src/stm32f3xx_hal_spi.o
 .debug_rnglists
                0x000005d6      0x1da ./Drivers/STM32F3xx_HAL_Driver/Src/stm32f3xx_hal_uart.o
 .debug_rnglists
                0x000007b0       0x19 ./FATFS/App/fatfs.o
 .debug_rnglists
                0x000007c9       0x2b ./FATFS/Target/user_diskio.o
 .debug_rnglists
                0x000007f4       0x72 ./FATFS/Target/user_diskio_spi.o
 .debug_rnglists
                0x00000866       0x31 ./Middlewares/Third_Party/FatFs/src/diskio.o
 .debug_rnglists
                0x00000897      0x18f ./Middlewares/Third_Party/FatFs/src/ff.o
 .debug_rnglists
                0x00000a26       0x2c ./Middlewares/Third_Party/FatFs/src/ff_gen_drv.o

.debug_macro    0x00000000    0x21ddb
 .debug_macro   0x00000000      0x34f ./Core/Src/main.o
 .debug_macro   0x0000034f      0xab4 ./Core/Src/main.o
 .debug_macro   0x00000e03      0x15d ./Core/Src/main.o
 .debug_macro   0x00000f60       0x2e ./Core/Src/main.o
 .debug_macro   0x00000f8e       0x28 ./Core/Src/main.o
 .debug_macro   0x00000fb6       0x22 ./Core/Src/main.o
 .debug_macro   0x00000fd8       0x8e ./Core/Src/main.o
 .debug_macro   0x00001066       0x51 ./Core/Src/main.o
 .debug_macro   0x000010b7      0x103 ./Core/Src/main.o
 .debug_macro   0x000011ba       0x6a ./Core/Src/main.o
 .debug_macro   0x00001224      0x1df ./Core/Src/main.o
 .debug_macro   0x00001403       0x1c ./Core/Src/main.o
 .debug_macro   0x0000141f       0x22 ./Core/Src/main.o
 .debug_macro   0x00001441       0xd9 ./Core/Src/main.o
 .debug_macro   0x0000151a     0x102d ./Core/Src/main.o
 .debug_macro   0x00002547      0x11f ./Core/Src/main.o
 .debug_macro   0x00002666    0x1535a ./Core/Src/main.o
 .debug_macro   0x000179c0       0x6d ./Core/Src/main.o
 .debug_macro   0x00017a2d     0x3574 ./Core/Src/main.o
 .debug_macro   0x0001afa1      0x189 ./Core/Src/main.o
 .debug_macro   0x0001b12a       0x55 ./Core/Src/main.o
 .debug_macro   0x0001b17f      0x953 ./Core/Src/main.o
 .debug_macro   0x0001bad2      0x84a ./Core/Src/main.o
 .debug_macro   0x0001c31c      0x1b5 ./Core/Src/main.o
 .debug_macro   0x0001c4d1      0x23a ./Core/Src/main.o
 .debug_macro   0x0001c70b      0x1ea ./Core/Src/main.o
 .debug_macro   0x0001c8f5      0x1bc ./Core/Src/main.o
 .debug_macro   0x0001cab1       0x30 ./Core/Src/main.o
 .debug_macro   0x0001cae1       0x3c ./Core/Src/main.o
 .debug_macro   0x0001cb1d      0x235 ./Core/Src/main.o
 .debug_macro   0x0001cd52      0x408 ./Core/Src/main.o
 .debug_macro   0x0001d15a       0xc5 ./Core/Src/main.o
 .debug_macro   0x0001d21f      0x21d ./Core/Src/main.o
 .debug_macro   0x0001d43c      0x22c ./Core/Src/main.o
 .debug_macro   0x0001d668       0x5b ./Core/Src/main.o
 .debug_macro   0x0001d6c3       0xa5 ./Core/Src/main.o
 .debug_macro   0x0001d768       0x81 ./Core/Src/main.o
 .debug_macro   0x0001d7e9       0xd3 ./Core/Src/main.o
 .debug_macro   0x0001d8bc      0x2fe ./Core/Src/main.o
 .debug_macro   0x0001dbba      0x5ba ./Core/Src/main.o
 .debug_macro   0x0001e174       0x44 ./Core/Src/main.o
 .debug_macro   0x0001e1b8      0x347 ./Core/Src/main.o
 .debug_macro   0x0001e4ff       0x6a ./Core/Src/main.o
 .debug_macro   0x0001e569       0xde ./Core/Src/main.o
 .debug_macro   0x0001e647       0xf5 ./Core/Src/main.o
 .debug_macro   0x0001e73c       0x8e ./Core/Src/main.o
 .debug_macro   0x0001e7ca       0x61 ./Core/Src/main.o
 .debug_macro   0x0001e82b       0x2a ./Core/Src/main.o
 .debug_macro   0x0001e855       0x43 ./Core/Src/main.o
 .debug_macro   0x0001e898       0x34 ./Core/Src/main.o
 .debug_macro   0x0001e8cc       0x16 ./Core/Src/main.o
 .debug_macro   0x0001e8e2       0x35 ./Core/Src/main.o
 .debug_macro   0x0001e917      0x369 ./Core/Src/main.o
 .debug_macro   0x0001ec80       0x10 ./Core/Src/main.o
 .debug_macro   0x0001ec90       0x16 ./Core/Src/main.o
 .debug_macro   0x0001eca6       0x43 ./Core/Src/main.o
 .debug_macro   0x0001ece9       0x34 ./Core/Src/main.o
 .debug_macro   0x0001ed1d       0x10 ./Core/Src/main.o
 .debug_macro   0x0001ed2d       0x58 ./Core/Src/main.o
 .debug_macro   0x0001ed85       0x8e ./Core/Src/main.o
 .debug_macro   0x0001ee13       0x1c ./Core/Src/main.o
 .debug_macro   0x0001ee2f      0x177 ./Core/Src/main.o
 .debug_macro   0x0001efa6       0x16 ./Core/Src/main.o
 .debug_macro   0x0001efbc       0x16 ./Core/Src/main.o
 .debug_macro   0x0001efd2      0x146 ./Core/Src/main.o
 .debug_macro   0x0001f118       0x16 ./Core/Src/main.o
 .debug_macro   0x0001f12e       0x20 ./Core/Src/main.o
 .debug_macro   0x0001f14e       0x4c ./Core/Src/main.o
 .debug_macro   0x0001f19a      0x1f1 ./Core/Src/stm32f3xx_hal_msp.o
 .debug_macro   0x0001f38b      0x1fb ./Core/Src/stm32f3xx_it.o
 .debug_macro   0x0001f586       0xff ./Core/Src/sysmem.o
 .debug_macro   0x0001f685      0x23c ./Core/Src/sysmem.o
 .debug_macro   0x0001f8c1      0x1e2 ./Core/Src/system_stm32f3xx.o
 .debug_macro   0x0001faa3      0x206 ./Drivers/STM32F3xx_HAL_Driver/Src/stm32f3xx_hal.o
 .debug_macro   0x0001fca9      0x1f1 ./Drivers/STM32F3xx_HAL_Driver/Src/stm32f3xx_hal_can.o
 .debug_macro   0x0001fe9a      0x1e2 ./Drivers/STM32F3xx_HAL_Driver/Src/stm32f3xx_hal_cortex.o
 .debug_macro   0x0002007c      0x1e9 ./Drivers/STM32F3xx_HAL_Driver/Src/stm32f3xx_hal_gpio.o
 .debug_macro   0x00020265      0x206 ./Drivers/STM32F3xx_HAL_Driver/Src/stm32f3xx_hal_rcc.o
 .debug_macro   0x0002046b      0x1e2 ./Drivers/STM32F3xx_HAL_Driver/Src/stm32f3xx_hal_rcc_ex.o
 .debug_macro   0x0002064d      0x1ea ./Drivers/STM32F3xx_HAL_Driver/Src/stm32f3xx_hal_spi.o
 .debug_macro   0x00020837      0x1ff ./Drivers/STM32F3xx_HAL_Driver/Src/stm32f3xx_hal_uart.o
 .debug_macro   0x00020a36      0x244 ./FATFS/App/fatfs.o
 .debug_macro   0x00020c7a       0xd8 ./FATFS/App/fatfs.o
 .debug_macro   0x00020d52      0x30b ./FATFS/Target/user_diskio.o
 .debug_macro   0x0002105d       0x10 ./FATFS/Target/user_diskio.o
 .debug_macro   0x0002106d       0x16 ./FATFS/Target/user_diskio.o
 .debug_macro   0x00021083       0x7c ./FATFS/Target/user_diskio.o
 .debug_macro   0x000210ff       0x4f ./FATFS/Target/user_diskio.o
 .debug_macro   0x0002114e      0x2eb ./FATFS/Target/user_diskio_spi.o
 .debug_macro   0x00021439       0x70 ./FATFS/Target/user_diskio_spi.o
 .debug_macro   0x000214a9      0x231 ./Middlewares/Third_Party/FatFs/src/diskio.o
 .debug_macro   0x000216da      0x478 ./Middlewares/Third_Party/FatFs/src/ff.o
 .debug_macro   0x00021b52       0x58 ./Middlewares/Third_Party/FatFs/src/ff.o
 .debug_macro   0x00021baa      0x231 ./Middlewares/Third_Party/FatFs/src/ff_gen_drv.o

.debug_line     0x00000000    0x13f45
 .debug_line    0x00000000     0x12c9 ./Core/Src/main.o
 .debug_line    0x000012c9      0x8bd ./Core/Src/stm32f3xx_hal_msp.o
 .debug_line    0x00001b86      0x853 ./Core/Src/stm32f3xx_it.o
 .debug_line    0x000023d9      0x583 ./Core/Src/sysmem.o
 .debug_line    0x0000295c      0x80f ./Core/Src/system_stm32f3xx.o
 .debug_line    0x0000316b       0x7a ./Core/Startup/startup_stm32f303retx.o
 .debug_line    0x000031e5      0xa42 ./Drivers/STM32F3xx_HAL_Driver/Src/stm32f3xx_hal.o
 .debug_line    0x00003c27     0x121c ./Drivers/STM32F3xx_HAL_Driver/Src/stm32f3xx_hal_can.o
 .debug_line    0x00004e43      0xd2f ./Drivers/STM32F3xx_HAL_Driver/Src/stm32f3xx_hal_cortex.o
 .debug_line    0x00005b72      0xbe1 ./Drivers/STM32F3xx_HAL_Driver/Src/stm32f3xx_hal_gpio.o
 .debug_line    0x00006753     0x13ee ./Drivers/STM32F3xx_HAL_Driver/Src/stm32f3xx_hal_rcc.o
 .debug_line    0x00007b41      0xf57 ./Drivers/STM32F3xx_HAL_Driver/Src/stm32f3xx_hal_rcc_ex.o
 .debug_line    0x00008a98     0x2039 ./Drivers/STM32F3xx_HAL_Driver/Src/stm32f3xx_hal_spi.o
 .debug_line    0x0000aad1     0x319e ./Drivers/STM32F3xx_HAL_Driver/Src/stm32f3xx_hal_uart.o
 .debug_line    0x0000dc6f      0x82c ./FATFS/App/fatfs.o
 .debug_line    0x0000e49b      0x9c8 ./FATFS/Target/user_diskio.o
 .debug_line    0x0000ee63      0xf03 ./FATFS/Target/user_diskio_spi.o
 .debug_line    0x0000fd66      0x89c ./Middlewares/Third_Party/FatFs/src/diskio.o
 .debug_line    0x00010602     0x308a ./Middlewares/Third_Party/FatFs/src/ff.o
 .debug_line    0x0001368c      0x8b9 ./Middlewares/Third_Party/FatFs/src/ff_gen_drv.o

.debug_str      0x00000000    0xc6a6e
 .debug_str     0x00000000    0xc2fbd ./Core/Src/main.o
                              0xc37c1 (size before relaxing)
 .debug_str     0x000c2fbd       0xcc ./Core/Src/stm32f3xx_hal_msp.o
                              0xbee2a (size before relaxing)
 .debug_str     0x000c3089       0xc9 ./Core/Src/stm32f3xx_it.o
                              0xbe51c (size before relaxing)
 .debug_str     0x000c3152      0x4dc ./Core/Src/sysmem.o
                               0x60cc (size before relaxing)
 .debug_str     0x000c362e       0xdf ./Core/Src/system_stm32f3xx.o
                              0xbe43a (size before relaxing)
 .debug_str     0x000c370d       0x44 ./Core/Startup/startup_stm32f303retx.o
                                 0x7f (size before relaxing)
 .debug_str     0x000c3751      0x6ea ./Drivers/STM32F3xx_HAL_Driver/Src/stm32f3xx_hal.o
                              0xbece3 (size before relaxing)
 .debug_str     0x000c3e3b      0x462 ./Drivers/STM32F3xx_HAL_Driver/Src/stm32f3xx_hal_can.o
                              0xbebc9 (size before relaxing)
 .debug_str     0x000c429d      0x37f ./Drivers/STM32F3xx_HAL_Driver/Src/stm32f3xx_hal_cortex.o
                              0xbed67 (size before relaxing)
 .debug_str     0x000c461c      0x172 ./Drivers/STM32F3xx_HAL_Driver/Src/stm32f3xx_hal_gpio.o
                              0xbe61f (size before relaxing)
 .debug_str     0x000c478e      0x2cf ./Drivers/STM32F3xx_HAL_Driver/Src/stm32f3xx_hal_rcc.o
                              0xbe8de (size before relaxing)
 .debug_str     0x000c4a5d       0xbe ./Drivers/STM32F3xx_HAL_Driver/Src/stm32f3xx_hal_rcc_ex.o
                              0xbe728 (size before relaxing)
 .debug_str     0x000c4b1b      0x592 ./Drivers/STM32F3xx_HAL_Driver/Src/stm32f3xx_hal_spi.o
                              0xbed60 (size before relaxing)
 .debug_str     0x000c50ad      0x851 ./Drivers/STM32F3xx_HAL_Driver/Src/stm32f3xx_hal_uart.o
                              0xbf15d (size before relaxing)
 .debug_str     0x000c58fe       0xf1 ./FATFS/App/fatfs.o
                              0xbedbe (size before relaxing)
 .debug_str     0x000c59ef       0xcf ./FATFS/Target/user_diskio.o
                              0xc1e9a (size before relaxing)
 .debug_str     0x000c5abe      0x3bc ./FATFS/Target/user_diskio_spi.o
                              0xbf54d (size before relaxing)
 .debug_str     0x000c5e7a       0x52 ./Middlewares/Third_Party/FatFs/src/diskio.o
                              0xbecea (size before relaxing)
 .debug_str     0x000c5ecc      0xb11 ./Middlewares/Third_Party/FatFs/src/ff.o
                              0xbfb15 (size before relaxing)
 .debug_str     0x000c69dd       0x91 ./Middlewares/Third_Party/FatFs/src/ff_gen_drv.o
                              0xbed3b (size before relaxing)

.comment        0x00000000       0x43
 .comment       0x00000000       0x43 ./Core/Src/main.o
                                 0x44 (size before relaxing)
 .comment       0x00000043       0x44 ./Core/Src/stm32f3xx_hal_msp.o
 .comment       0x00000043       0x44 ./Core/Src/stm32f3xx_it.o
 .comment       0x00000043       0x44 ./Core/Src/sysmem.o
 .comment       0x00000043       0x44 ./Core/Src/system_stm32f3xx.o
 .comment       0x00000043       0x44 ./Drivers/STM32F3xx_HAL_Driver/Src/stm32f3xx_hal.o
 .comment       0x00000043       0x44 ./Drivers/STM32F3xx_HAL_Driver/Src/stm32f3xx_hal_can.o
 .comment       0x00000043       0x44 ./Drivers/STM32F3xx_HAL_Driver/Src/stm32f3xx_hal_cortex.o
 .comment       0x00000043       0x44 ./Drivers/STM32F3xx_HAL_Driver/Src/stm32f3xx_hal_gpio.o
 .comment       0x00000043       0x44 ./Drivers/STM32F3xx_HAL_Driver/Src/stm32f3xx_hal_rcc.o
 .comment       0x00000043       0x44 ./Drivers/STM32F3xx_HAL_Driver/Src/stm32f3xx_hal_rcc_ex.o
 .comment       0x00000043       0x44 ./Drivers/STM32F3xx_HAL_Driver/Src/stm32f3xx_hal_spi.o
 .comment       0x00000043       0x44 ./Drivers/STM32F3xx_HAL_Driver/Src/stm32f3xx_hal_uart.o
 .comment       0x00000043       0x44 ./FATFS/App/fatfs.o
 .comment       0x00000043       0x44 ./FATFS/Target/user_diskio.o
 .comment       0x00000043       0x44 ./FATFS/Target/user_diskio_spi.o
 .comment       0x00000043       0x44 ./Middlewares/Third_Party/FatFs/src/diskio.o
 .comment       0x00000043       0x44 ./Middlewares/Third_Party/FatFs/src/ff.o
 .comment       0x00000043       0x44 ./Middlewares/Third_Party/FatFs/src/ff_gen_drv.o

.debug_frame    0x00000000     0x3bd4
 .debug_frame   0x00000000      0x1e4 ./Core/Src/main.o
 .debug_frame   0x000001e4      0x10c ./Core/Src/stm32f3xx_hal_msp.o
 .debug_frame   0x000002f0      0x104 ./Core/Src/stm32f3xx_it.o
 .debug_frame   0x000003f4       0x34 ./Core/Src/sysmem.o
 .debug_frame   0x00000428       0x58 ./Core/Src/system_stm32f3xx.o
 .debug_frame   0x00000480      0x334 ./Drivers/STM32F3xx_HAL_Driver/Src/stm32f3xx_hal.o
 .debug_frame   0x000007b4      0x5a0 ./Drivers/STM32F3xx_HAL_Driver/Src/stm32f3xx_hal_can.o
 .debug_frame   0x00000d54      0x4e8 ./Drivers/STM32F3xx_HAL_Driver/Src/stm32f3xx_hal_cortex.o
 .debug_frame   0x0000123c      0x14c ./Drivers/STM32F3xx_HAL_Driver/Src/stm32f3xx_hal_gpio.o
 .debug_frame   0x00001388      0x214 ./Drivers/STM32F3xx_HAL_Driver/Src/stm32f3xx_hal_rcc.o
 .debug_frame   0x0000159c       0xb0 ./Drivers/STM32F3xx_HAL_Driver/Src/stm32f3xx_hal_rcc_ex.o
 .debug_frame   0x0000164c      0x860 ./Drivers/STM32F3xx_HAL_Driver/Src/stm32f3xx_hal_spi.o
 .debug_frame   0x00001eac      0x9e8 ./Drivers/STM32F3xx_HAL_Driver/Src/stm32f3xx_hal_uart.o
 .debug_frame   0x00002894       0x4c ./FATFS/App/fatfs.o
 .debug_frame   0x000028e0       0xc4 ./FATFS/Target/user_diskio.o
 .debug_frame   0x000029a4      0x248 ./FATFS/Target/user_diskio_spi.o
 .debug_frame   0x00002bec       0xec ./Middlewares/Third_Party/FatFs/src/diskio.o
 .debug_frame   0x00002cd8      0x8d0 ./Middlewares/Third_Party/FatFs/src/ff.o
 .debug_frame   0x000035a8       0xc8 ./Middlewares/Third_Party/FatFs/src/ff_gen_drv.o
 .debug_frame   0x00003670      0x144 C:/ST/STM32CubeIDE_1.16.1/STM32CubeIDE/plugins/com.st.stm32cube.ide.mcu.externaltools.gnu-tools-for-stm32.12.3.rel1.win32_1.0.200.202406191623/tools/bin/../lib/gcc/arm-none-eabi/12.3.1/../../../../arm-none-eabi/lib/thumb/v7e-m+fp/hard\libc_nano.a(libc_a-findfp.o)
 .debug_frame   0x000037b4       0x4c C:/ST/STM32CubeIDE_1.16.1/STM32CubeIDE/plugins/com.st.stm32cube.ide.mcu.externaltools.gnu-tools-for-stm32.12.3.rel1.win32_1.0.200.202406191623/tools/bin/../lib/gcc/arm-none-eabi/12.3.1/../../../../arm-none-eabi/lib/thumb/v7e-m+fp/hard\libc_nano.a(libc_a-vsnprintf.o)
 .debug_frame   0x00003800       0x20 C:/ST/STM32CubeIDE_1.16.1/STM32CubeIDE/plugins/com.st.stm32cube.ide.mcu.externaltools.gnu-tools-for-stm32.12.3.rel1.win32_1.0.200.202406191623/tools/bin/../lib/gcc/arm-none-eabi/12.3.1/../../../../arm-none-eabi/lib/thumb/v7e-m+fp/hard\libc_nano.a(libc_a-memset.o)
 .debug_frame   0x00003820       0x38 C:/ST/STM32CubeIDE_1.16.1/STM32CubeIDE/plugins/com.st.stm32cube.ide.mcu.externaltools.gnu-tools-for-stm32.12.3.rel1.win32_1.0.200.202406191623/tools/bin/../lib/gcc/arm-none-eabi/12.3.1/../../../../arm-none-eabi/lib/thumb/v7e-m+fp/hard\libc_nano.a(libc_a-reent.o)
 .debug_frame   0x00003858       0x20 C:/ST/STM32CubeIDE_1.16.1/STM32CubeIDE/plugins/com.st.stm32cube.ide.mcu.externaltools.gnu-tools-for-stm32.12.3.rel1.win32_1.0.200.202406191623/tools/bin/../lib/gcc/arm-none-eabi/12.3.1/../../../../arm-none-eabi/lib/thumb/v7e-m+fp/hard\libc_nano.a(libc_a-errno.o)
 .debug_frame   0x00003878       0x2c C:/ST/STM32CubeIDE_1.16.1/STM32CubeIDE/plugins/com.st.stm32cube.ide.mcu.externaltools.gnu-tools-for-stm32.12.3.rel1.win32_1.0.200.202406191623/tools/bin/../lib/gcc/arm-none-eabi/12.3.1/../../../../arm-none-eabi/lib/thumb/v7e-m+fp/hard\libc_nano.a(libc_a-init.o)
 .debug_frame   0x000038a4       0xb0 C:/ST/STM32CubeIDE_1.16.1/STM32CubeIDE/plugins/com.st.stm32cube.ide.mcu.externaltools.gnu-tools-for-stm32.12.3.rel1.win32_1.0.200.202406191623/tools/bin/../lib/gcc/arm-none-eabi/12.3.1/../../../../arm-none-eabi/lib/thumb/v7e-m+fp/hard\libc_nano.a(libc_a-lock.o)
 .debug_frame   0x00003954       0x38 C:/ST/STM32CubeIDE_1.16.1/STM32CubeIDE/plugins/com.st.stm32cube.ide.mcu.externaltools.gnu-tools-for-stm32.12.3.rel1.win32_1.0.200.202406191623/tools/bin/../lib/gcc/arm-none-eabi/12.3.1/../../../../arm-none-eabi/lib/thumb/v7e-m+fp/hard\libc_nano.a(libc_a-freer.o)
 .debug_frame   0x0000398c       0x50 C:/ST/STM32CubeIDE_1.16.1/STM32CubeIDE/plugins/com.st.stm32cube.ide.mcu.externaltools.gnu-tools-for-stm32.12.3.rel1.win32_1.0.200.202406191623/tools/bin/../lib/gcc/arm-none-eabi/12.3.1/../../../../arm-none-eabi/lib/thumb/v7e-m+fp/hard\libc_nano.a(libc_a-mallocr.o)
 .debug_frame   0x000039dc       0x30 C:/ST/STM32CubeIDE_1.16.1/STM32CubeIDE/plugins/com.st.stm32cube.ide.mcu.externaltools.gnu-tools-for-stm32.12.3.rel1.win32_1.0.200.202406191623/tools/bin/../lib/gcc/arm-none-eabi/12.3.1/../../../../arm-none-eabi/lib/thumb/v7e-m+fp/hard\libc_nano.a(libc_a-mlock.o)
 .debug_frame   0x00003a0c       0x90 C:/ST/STM32CubeIDE_1.16.1/STM32CubeIDE/plugins/com.st.stm32cube.ide.mcu.externaltools.gnu-tools-for-stm32.12.3.rel1.win32_1.0.200.202406191623/tools/bin/../lib/gcc/arm-none-eabi/12.3.1/../../../../arm-none-eabi/lib/thumb/v7e-m+fp/hard\libc_nano.a(libc_a-nano-svfprintf.o)
 .debug_frame   0x00003a9c       0x60 C:/ST/STM32CubeIDE_1.16.1/STM32CubeIDE/plugins/com.st.stm32cube.ide.mcu.externaltools.gnu-tools-for-stm32.12.3.rel1.win32_1.0.200.202406191623/tools/bin/../lib/gcc/arm-none-eabi/12.3.1/../../../../arm-none-eabi/lib/thumb/v7e-m+fp/hard\libc_nano.a(libc_a-nano-vfprintf_i.o)
 .debug_frame   0x00003afc       0x28 C:/ST/STM32CubeIDE_1.16.1/STM32CubeIDE/plugins/com.st.stm32cube.ide.mcu.externaltools.gnu-tools-for-stm32.12.3.rel1.win32_1.0.200.202406191623/tools/bin/../lib/gcc/arm-none-eabi/12.3.1/../../../../arm-none-eabi/lib/thumb/v7e-m+fp/hard\libc_nano.a(libc_a-memmove.o)
 .debug_frame   0x00003b24       0x2c C:/ST/STM32CubeIDE_1.16.1/STM32CubeIDE/plugins/com.st.stm32cube.ide.mcu.externaltools.gnu-tools-for-stm32.12.3.rel1.win32_1.0.200.202406191623/tools/bin/../lib/gcc/arm-none-eabi/12.3.1/../../../../arm-none-eabi/lib/thumb/v7e-m+fp/hard\libc_nano.a(libc_a-sbrkr.o)
 .debug_frame   0x00003b50       0x28 C:/ST/STM32CubeIDE_1.16.1/STM32CubeIDE/plugins/com.st.stm32cube.ide.mcu.externaltools.gnu-tools-for-stm32.12.3.rel1.win32_1.0.200.202406191623/tools/bin/../lib/gcc/arm-none-eabi/12.3.1/../../../../arm-none-eabi/lib/thumb/v7e-m+fp/hard\libc_nano.a(libc_a-memcpy-stub.o)
 .debug_frame   0x00003b78       0x3c C:/ST/STM32CubeIDE_1.16.1/STM32CubeIDE/plugins/com.st.stm32cube.ide.mcu.externaltools.gnu-tools-for-stm32.12.3.rel1.win32_1.0.200.202406191623/tools/bin/../lib/gcc/arm-none-eabi/12.3.1/../../../../arm-none-eabi/lib/thumb/v7e-m+fp/hard\libc_nano.a(libc_a-reallocr.o)
 .debug_frame   0x00003bb4       0x20 C:/ST/STM32CubeIDE_1.16.1/STM32CubeIDE/plugins/com.st.stm32cube.ide.mcu.externaltools.gnu-tools-for-stm32.12.3.rel1.win32_1.0.200.202406191623/tools/bin/../lib/gcc/arm-none-eabi/12.3.1/../../../../arm-none-eabi/lib/thumb/v7e-m+fp/hard\libc_nano.a(libc_a-msizer.o)

.debug_line_str
                0x00000000       0x63
 .debug_line_str
                0x00000000       0x63 ./Core/Startup/startup_stm32f303retx.o
